Component: ARM Compiler 5.06 update 7 (build 960) Tool: armlink [4d3601]

==============================================================================

Section Cross References

    startup_stm32l051xx.o(RESET) refers to startup_stm32l051xx.o(STACK) for __initial_sp
    startup_stm32l051xx.o(RESET) refers to startup_stm32l051xx.o(.text) for Reset_Handler
    startup_stm32l051xx.o(RESET) refers to stm32l0xx_it.o(i.NMI_Handler) for NMI_Handler
    startup_stm32l051xx.o(RESET) refers to stm32l0xx_it.o(i.HardFault_Handler) for HardFault_Handler
    startup_stm32l051xx.o(RESET) refers to stm32l0xx_it.o(i.SVC_Handler) for SVC_Handler
    startup_stm32l051xx.o(RESET) refers to stm32l0xx_it.o(i.PendSV_Handler) for PendSV_Handler
    startup_stm32l051xx.o(RESET) refers to stm32l0xx_it.o(i.SysTick_Handler) for SysTick_Handler
    startup_stm32l051xx.o(RESET) refers to stm32l0xx_it.o(i.DMA1_Channel4_5_6_7_IRQHandler) for DMA1_Channel4_5_6_7_IRQHandler
    startup_stm32l051xx.o(RESET) refers to ether_hal.o(i.USART2_IRQHandler) for USART2_IRQHandler
    startup_stm32l051xx.o(.text) refers to system_stm32l0xx.o(i.SystemInit) for SystemInit
    startup_stm32l051xx.o(.text) refers to entry.o(.ARM.Collect$$$$00000000) for __main
    main_app.o(i.app_lora_config_init) refers to sx127x_driver.o(i.SX127X_Lora_init) for SX127X_Lora_init
    main_app.o(i.app_lora_config_init) refers to printf8.o(i.__0printf$8) for __2printf
    main_app.o(i.app_lora_config_init) refers to stm32l0xx_hal.o(i.HAL_Delay) for HAL_Delay
    main_app.o(i.app_lora_config_init) refers to sx127x_driver.o(i.SX127X_StartRx) for SX127X_StartRx
    main_app.o(i.app_lora_config_init) refers to main_app.o(.data) for .data
    main_app.o(i.app_lora_config_init) refers to sx127x_driver.o(.data) for G_LoRaConfig
    main_app.o(i.check_factory_parameter) refers to stm_flash.o(i.STMFLASH_Read) for STMFLASH_Read
    main_app.o(i.check_factory_parameter) refers to printf8.o(i.__0printf$8) for __2printf
    main_app.o(i.check_factory_parameter) refers to main_app.o(.data) for .data
    main_app.o(i.lora_process) refers to sx127x_driver.o(i.DIO0_GetState) for DIO0_GetState
    main_app.o(i.lora_process) refers to sx127x_driver.o(i.SX127X_Read) for SX127X_Read
    main_app.o(i.lora_process) refers to sx127x_driver.o(i.SX127X_Write) for SX127X_Write
    main_app.o(i.lora_process) refers to printf8.o(i.__0printf$8) for __2printf
    main_app.o(i.lora_process) refers to sx127x_driver.o(i.SX127X_StandbyMode) for SX127X_StandbyMode
    main_app.o(i.lora_process) refers to sx127x_driver.o(i.SX127X_RxPacket) for SX127X_RxPacket
    main_app.o(i.lora_process) refers to sm4_app.o(i.data_decrypt) for data_decrypt
    main_app.o(i.lora_process) refers to main_app.o(i.__ARM_common_switch8) for __ARM_common_switch8
    main_app.o(i.lora_process) refers to ether_hal.o(i.send_string_to_eth) for send_string_to_eth
    main_app.o(i.lora_process) refers to memseta.o(.text) for __aeabi_memclr
    main_app.o(i.lora_process) refers to sx127x_driver.o(i.SX127X_StartRx) for SX127X_StartRx
    main_app.o(i.lora_process) refers to main_app.o(.data) for .data
    main_app.o(i.lora_process) refers to sx127x_driver.o(.data) for G_LoRaConfig
    main_app.o(i.lora_process) refers to main_app.o(.bss) for .bss
    main_app.o(i.lora_process) refers to ether_hal.o(.bss) for ether_st
    main_app.o(i.lora_send_data) refers to sx127x_driver.o(i.SX127X_StandbyMode) for SX127X_StandbyMode
    main_app.o(i.lora_send_data) refers to sm4_app.o(i.data_encrypt) for data_encrypt
    main_app.o(i.lora_send_data) refers to sx127x_driver.o(i.SX127X_TxPacket) for SX127X_TxPacket
    main_app.o(i.lora_send_data) refers to sx127x_driver.o(.data) for G_LoRaConfig
    main_app.o(i.lora_send_data) refers to main_app.o(.bss) for .bss
    main_app.o(i.lora_send_data) refers to main_app.o(.data) for .data
    main_app.o(i.pin_pack) refers to strlen.o(.text) for strlen
    main_app.o(i.pin_pack) refers to main_app.o(.bss) for .bss
    main_app.o(i.set_txrx_datalen) refers to sx127x_driver.o(.data) for G_LoRaConfig
    main_app.o(i.wifi_connect_pin_pack) refers to main_app.o(.bss) for .bss
    main_app.o(i.wifi_process) refers to main_app.o(i.check_factory_parameter) for check_factory_parameter
    main_app.o(i.wifi_process) refers to ether_hal.o(i.send_string_to_eth) for send_string_to_eth
    main_app.o(i.wifi_process) refers to printf8.o(i.__0printf$8) for __2printf
    main_app.o(i.wifi_process) refers to stm_flash.o(i.STMFLASH_Read) for STMFLASH_Read
    main_app.o(i.wifi_process) refers to memseta.o(.text) for __aeabi_memclr
    main_app.o(i.wifi_process) refers to main.o(i.u8_ip_to_u32_ip) for u8_ip_to_u32_ip
    main_app.o(i.wifi_process) refers to stm_flash.o(i.STMFLASH_Write) for STMFLASH_Write
    main_app.o(i.wifi_process) refers to main_app.o(i.wifi_connect_pin_pack) for wifi_connect_pin_pack
    main_app.o(i.wifi_process) refers to stm32l0xx_hal.o(i.HAL_Delay) for HAL_Delay
[...]
    Removing stm_flash.o(i.FLASH_If_Init), (24 bytes).
    Removing stm_flash.o(i.STMFLASH_ReadHalfWord), (4 bytes).
    Removing stm_flash.o(i.STMFLASH_ReadWord), (4 bytes).
    Removing dadd.o(.text), (360 bytes).
    Removing dmul.o(.text), (208 bytes).
    Removing dfixul.o(.text), (64 bytes).
    Removing cdrcmple.o(.text), (40 bytes).

424 unused section(s) (total 28397 bytes) removed from the image.

==============================================================================

Image Symbol Table

    Local Symbols

    Symbol Name                              Value     Ov Type        Size  Object(Section)

    ../Drivers/STM32L0xx_HAL_Driver/Src/stm32l0xx_hal.c 0x00000000   Number         0  stm32l0xx_hal.o ABSOLUTE
    ../Drivers/STM32L0xx_HAL_Driver/Src/stm32l0xx_hal_cortex.c 0x00000000   Number         0  stm32l0xx_hal_cortex.o ABSOLUTE
    ../Drivers/STM32L0xx_HAL_Driver/Src/stm32l0xx_hal_dma.c 0x00000000   Number         0  stm32l0xx_hal_dma.o ABSOLUTE
    ../Drivers/STM32L0xx_HAL_Driver/Src/stm32l0xx_hal_flash.c 0x00000000   Number         0  stm32l0xx_hal_flash.o ABSOLUTE
    ../Drivers/STM32L0xx_HAL_Driver/Src/stm32l0xx_hal_flash_ex.c 0x00000000   Number         0  stm32l0xx_hal_flash_ex.o ABSOLUTE
    ../Drivers/STM32L0xx_HAL_Driver/Src/stm32l0xx_hal_flash_ramfunc.c 0x00000000   Number         0  stm32l0xx_hal_flash_ramfunc.o ABSOLUTE
    ../Drivers/STM32L0xx_HAL_Driver/Src/stm32l0xx_hal_gpio.c 0x00000000   Number         0  stm32l0xx_hal_gpio.o ABSOLUTE
    ../Drivers/STM32L0xx_HAL_Driver/Src/stm32l0xx_hal_i2c.c 0x00000000   Number         0  stm32l0xx_hal_i2c.o ABSOLUTE
    ../Drivers/STM32L0xx_HAL_Driver/Src/stm32l0xx_hal_i2c_ex.c 0x00000000   Number         0  stm32l0xx_hal_i2c_ex.o ABSOLUTE
    ../Drivers/STM32L0xx_HAL_Driver/Src/stm32l0xx_hal_iwdg.c 0x00000000   Number         0  stm32l0xx_hal_iwdg.o ABSOLUTE
    ../Drivers/STM32L0xx_HAL_Driver/Src/stm32l0xx_hal_pwr.c 0x00000000   Number         0  stm32l0xx_hal_pwr.o ABSOLUTE
    ../Drivers/STM32L0xx_HAL_Driver/Src/stm32l0xx_hal_pwr_ex.c 0x00000000   Number         0  stm32l0xx_hal_pwr_ex.o ABSOLUTE
    ../Drivers/STM32L0xx_HAL_Driver/Src/stm32l0xx_hal_rcc.c 0x00000000   Number         0  stm32l0xx_hal_rcc.o ABSOLUTE
    ../Drivers/STM32L0xx_HAL_Driver/Src/stm32l0xx_hal_rcc_ex.c 0x00000000   Number         0  stm32l0xx_hal_rcc_ex.o ABSOLUTE
    ../Drivers/STM32L0xx_HAL_Driver/Src/stm32l0xx_hal_spi.c 0x00000000   Number         0  stm32l0xx_hal_spi.o ABSOLUTE
    ../Drivers/STM32L0xx_HAL_Driver/Src/stm32l0xx_hal_tim.c 0x00000000   Number         0  stm32l0xx_hal_tim.o ABSOLUTE
    ../Drivers/STM32L0xx_HAL_Driver/Src/stm32l0xx_hal_tim_ex.c 0x00000000   Number         0  stm32l0xx_hal_tim_ex.o ABSOLUTE
    ../Drivers/STM32L0xx_HAL_Driver/Src/stm32l0xx_hal_uart.c 0x00000000   Number         0  stm32l0xx_hal_uart.o ABSOLUTE
    ../Drivers/STM32L0xx_HAL_Driver/Src/stm32l0xx_hal_uart_ex.c 0x00000000   Number         0  stm32l0xx_hal_uart_ex.o ABSOLUTE
    ../Src/dma.c                             0x00000000   Number         0  dma.o ABSOLUTE
    ../Src/gpio.c                            0x00000000   Number         0  gpio.o ABSOLUTE
    ../Src/iwdg.c                            0x00000000   Number         0  iwdg.o ABSOLUTE
    ../Src/main.c                            0x00000000   Number         0  main.o ABSOLUTE
    ../Src/spi.c                             0x00000000   Number         0  spi.o ABSOLUTE
    ../Src/stm32l0xx_hal_msp.c               0x00000000   Number         0  stm32l0xx_hal_msp.o ABSOLUTE
    ../Src/stm32l0xx_it.c                    0x00000000   Number         0  stm32l0xx_it.o ABSOLUTE
    ../Src/system_stm32l0xx.c                0x00000000   Number         0  system_stm32l0xx.o ABSOLUTE
    ../Src/usart.c                           0x00000000   Number         0  usart.o ABSOLUTE
    ../clib/microlib/division.c              0x00000000   Number         0  uldiv.o ABSOLUTE
    ../clib/microlib/division.c              0x00000000   Number         0  uidiv.o ABSOLUTE
    ../clib/microlib/init/entry.s            0x00000000   Number         0  entry9a.o ABSOLUTE
    ../clib/microlib/init/entry.s            0x00000000   Number         0  entry8b.o ABSOLUTE
    ../clib/microlib/init/entry.s            0x00000000   Number         0  entry10b.o ABSOLUTE
    ../clib/microlib/init/entry.s            0x00000000   Number         0  entry8a.o ABSOLUTE
    ../clib/microlib/init/entry.s            0x00000000   Number         0  entry10a.o ABSOLUTE
    ../clib/microlib/init/entry.s            0x00000000   Number         0  entry7a.o ABSOLUTE
    ../clib/microlib/init/entry.s            0x00000000   Number         0  entry5.o ABSOLUTE
    ../clib/microlib/init/entry.s            0x00000000   Number         0  entry2.o ABSOLUTE
    ../clib/microlib/init/entry.s            0x00000000   Number         0  entry.o ABSOLUTE
    ../clib/microlib/init/entry.s            0x00000000   Number         0  entry11a.o ABSOLUTE
    ../clib/microlib/init/entry.s            0x00000000   Number         0  entry7b.o ABSOLUTE
    ../clib/microlib/init/entry.s            0x00000000   Number         0  entry12b.o ABSOLUTE
    ../clib/microlib/init/entry.s            0x00000000   Number         0  entry9b.o ABSOLUTE
    ../clib/microlib/init/entry.s            0x00000000   Number         0  entry12a.o ABSOLUTE
    ../clib/microlib/init/entry.s            0x00000000   Number         0  entry11b.o ABSOLUTE
    ../clib/microlib/longlong.c              0x00000000   Number         0  llushr.o ABSOLUTE
    ../clib/microlib/longlong.c              0x00000000   Number         0  llsshr.o ABSOLUTE
    ../clib/microlib/longlong.c              0x00000000   Number         0  llshl.o ABSOLUTE
    ../clib/microlib/printf/printf.c         0x00000000   Number         0  printf4.o ABSOLUTE
    ../clib/microlib/printf/printf.c         0x00000000   Number         0  printf3.o ABSOLUTE
    ../clib/microlib/printf/printf.c         0x00000000   Number         0  printf2.o ABSOLUTE
    ../clib/microlib/printf/printf.c         0x00000000   Number         0  printf1.o ABSOLUTE
    ../clib/microlib/printf/printf.c         0x00000000   Number         0  printf0.o ABSOLUTE
    ../clib/microlib/printf/printf.c         0x00000000   Number         0  printfb.o ABSOLUTE
    ../clib/microlib/printf/printf.c         0x00000000   Number         0  printf6.o ABSOLUTE
    ../clib/microlib/printf/printf.c         0x00000000   Number         0  printfa.o ABSOLUTE
    ../clib/microlib/printf/printf.c         0x00000000   Number         0  printf8.o ABSOLUTE
    ../clib/microlib/printf/printf.c         0x00000000   Number         0  printf7.o ABSOLUTE
    ../clib/microlib/printf/printf.c         0x00000000   Number         0  printf5.o ABSOLUTE
    ../clib/microlib/printf/stubs.s          0x00000000   Number         0  stubs.o ABSOLUTE
    ../clib/microlib/stdio/streams.c         0x00000000   Number         0  stdout.o ABSOLUTE
    ../clib/microlib/string/memcpy.c         0x00000000   Number         0  memcpyb.o ABSOLUTE
    ../clib/microlib/string/memcpy.c         0x00000000   Number         0  memcpya.o ABSOLUTE
    ../clib/microlib/string/memset.c         0x00000000   Number         0  memseta.o ABSOLUTE
    ../clib/microlib/string/strlen.c         0x00000000   Number         0  strlen.o ABSOLUTE
    ../clib/microlib/string/strstr.c         0x00000000   Number         0  strstr.o ABSOLUTE
    ../clib/microlib/stubs.s                 0x00000000   Number         0  iusefp.o ABSOLUTE
    ../fplib/microlib/fpadd.c                0x00000000   Number         0  dadd.o ABSOLUTE
    ../fplib/microlib/fpdiv.c                0x00000000   Number         0  fdiv.o ABSOLUTE
    ../fplib/microlib/fpdiv.c                0x00000000   Number         0  ddiv.o ABSOLUTE
    ../fplib/microlib/fpepilogue.c           0x00000000   Number         0  depilogue.o ABSOLUTE
    ../fplib/microlib/fpepilogue.c           0x00000000   Number         0  fepilogue.o ABSOLUTE
    ../fplib/microlib/fpfix.c                0x00000000   Number         0  dfixul.o ABSOLUTE
    ../fplib/microlib/fpfix.c                0x00000000   Number         0  dfixui.o ABSOLUTE
    ../fplib/microlib/fpflt.c                0x00000000   Number         0  fflti.o ABSOLUTE
    ../fplib/microlib/fpflt.c                0x00000000   Number         0  dfltui.o ABSOLUTE
    ../fplib/microlib/fpmul.c                0x00000000   Number         0  dmul.o ABSOLUTE
    ..\BSP\DEBUG_USART_HAL.c                 0x00000000   Number         0  debug_usart_hal.o ABSOLUTE
    ..\BSP\SX127X_Driver.c                   0x00000000   Number         0  sx127x_driver.o ABSOLUTE
    ..\BSP\SX127X_Hal.c                      0x00000000   Number         0  sx127x_hal.o ABSOLUTE
    ..\BSP\ether_hal.c                       0x00000000   Number         0  ether_hal.o ABSOLUTE
    ..\BSP\sm4.c                             0x00000000   Number         0  sm4.o ABSOLUTE
    ..\BSP\sm4_app.c                         0x00000000   Number         0  sm4_app.o ABSOLUTE
    ..\BSP\stm_flash.c                       0x00000000   Number         0  stm_flash.o ABSOLUTE
    ..\Drivers\STM32L0xx_HAL_Driver\Src\stm32l0xx_hal.c 0x00000000   Number         0  stm32l0xx_hal.o ABSOLUTE
    ..\Drivers\STM32L0xx_HAL_Driver\Src\stm32l0xx_hal_cortex.c 0x00000000   Number         0  stm32l0xx_hal_cortex.o ABSOLUTE
    ..\Drivers\STM32L0xx_HAL_Driver\Src\stm32l0xx_hal_dma.c 0x00000000   Number         0  stm32l0xx_hal_dma.o ABSOLUTE
    ..\Drivers\STM32L0xx_HAL_Driver\Src\stm32l0xx_hal_flash.c 0x00000000   Number         0  stm32l0xx_hal_flash.o ABSOLUTE
    ..\Drivers\STM32L0xx_HAL_Driver\Src\stm32l0xx_hal_flash_ex.c 0x00000000   Number         0  stm32l0xx_hal_flash_ex.o ABSOLUTE
    ..\Drivers\STM32L0xx_HAL_Driver\Src\stm32l0xx_hal_flash_ramfunc.c 0x00000000   Number         0  stm32l0xx_hal_flash_ramfunc.o ABSOLUTE
    ..\Drivers\STM32L0xx_HAL_Driver\Src\stm32l0xx_hal_gpio.c 0x00000000   Number         0  stm32l0xx_hal_gpio.o ABSOLUTE
    ..\Drivers\STM32L0xx_HAL_Driver\Src\stm32l0xx_hal_i2c.c 0x00000000   Number         0  stm32l0xx_hal_i2c.o ABSOLUTE
    ..\Drivers\STM32L0xx_HAL_Driver\Src\stm32l0xx_hal_i2c_ex.c 0x00000000   Number         0  stm32l0xx_hal_i2c_ex.o ABSOLUTE
    ..\Drivers\STM32L0xx_HAL_Driver\Src\stm32l0xx_hal_iwdg.c 0x00000000   Number         0  stm32l0xx_hal_iwdg.o ABSOLUTE
    ..\Drivers\STM32L0xx_HAL_Driver\Src\stm32l0xx_hal_pwr.c 0x00000000   Number         0  stm32l0xx_hal_pwr.o ABSOLUTE
    ..\Drivers\STM32L0xx_HAL_Driver\Src\stm32l0xx_hal_pwr_ex.c 0x00000000   Number         0  stm32l0xx_hal_pwr_ex.o ABSOLUTE
    ..\Drivers\STM32L0xx_HAL_Driver\Src\stm32l0xx_hal_rcc.c 0x00000000   Number         0  stm32l0xx_hal_rcc.o ABSOLUTE
    ..\Drivers\STM32L0xx_HAL_Driver\Src\stm32l0xx_hal_rcc_ex.c 0x00000000   Number         0  stm32l0xx_hal_rcc_ex.o ABSOLUTE
    ..\Drivers\STM32L0xx_HAL_Driver\Src\stm32l0xx_hal_spi.c 0x00000000   Number         0  stm32l0xx_hal_spi.o ABSOLUTE
    ..\Drivers\STM32L0xx_HAL_Driver\Src\stm32l0xx_hal_tim.c 0x00000000   Number         0  stm32l0xx_hal_tim.o ABSOLUTE
    ..\Drivers\STM32L0xx_HAL_Driver\Src\stm32l0xx_hal_tim_ex.c 0x00000000   Number         0  stm32l0xx_hal_tim_ex.o ABSOLUTE
    ..\Drivers\STM32L0xx_HAL_Driver\Src\stm32l0xx_hal_uart.c 0x00000000   Number         0  stm32l0xx_hal_uart.o ABSOLUTE
    ..\Drivers\STM32L0xx_HAL_Driver\Src\stm32l0xx_hal_uart_ex.c 0x00000000   Number         0  stm32l0xx_hal_uart_ex.o ABSOLUTE
    ..\Src\dma.c                             0x00000000   Number         0  dma.o ABSOLUTE
    ..\Src\gpio.c                            0x00000000   Number         0  gpio.o ABSOLUTE
    ..\Src\iwdg.c                            0x00000000   Number         0  iwdg.o ABSOLUTE
    ..\Src\main.c                            0x00000000   Number         0  main.o ABSOLUTE
    ..\Src\main_app.c                        0x00000000   Number         0  main_app.o ABSOLUTE
    ..\Src\spi.c                             0x00000000   Number         0  spi.o ABSOLUTE
    ..\Src\stm32l0xx_hal_msp.c               0x00000000   Number         0  stm32l0xx_hal_msp.o ABSOLUTE
    ..\Src\stm32l0xx_it.c                    0x00000000   Number         0  stm32l0xx_it.o ABSOLUTE
    ..\Src\system_stm32l0xx.c                0x00000000   Number         0  system_stm32l0xx.o ABSOLUTE
    ..\Src\usart.c                           0x00000000   Number         0  usart.o ABSOLUTE
    ..\\BSP\\DEBUG_USART_HAL.c               0x00000000   Number         0  debug_usart_hal.o ABSOLUTE
    ..\\BSP\\SX127X_Driver.c                 0x00000000   Number         0  sx127x_driver.o ABSOLUTE
    ..\\BSP\\SX127X_Hal.c                    0x00000000   Number         0  sx127x_hal.o ABSOLUTE
    ..\\BSP\\ether_hal.c                     0x00000000   Number         0  ether_hal.o ABSOLUTE
    ..\\BSP\\stm_flash.c                     0x00000000   Number         0  stm_flash.o ABSOLUTE
    ..\\Src\\main_app.c                      0x00000000   Number         0  main_app.o ABSOLUTE
    cdrcmple.s                               0x00000000   Number         0  cdrcmple.o ABSOLUTE
    dc.s                                     0x00000000   Number         0  dc.o ABSOLUTE
    handlers.s                               0x00000000   Number         0  handlers.o ABSOLUTE
    init.s                                   0x00000000   Number         0  init.o ABSOLUTE
    startup_stm32l051xx.s                    0x00000000   Number         0  startup_stm32l051xx.o ABSOLUTE
    RESET                                    0x08000000   Section      192  startup_stm32l051xx.o(RESET)
    .ARM.Collect$$$$00000000                 0x080000c0   Section        0  entry.o(.ARM.Collect$$$$00000000)
    .ARM.Collect$$$$00000001                 0x080000c0   Section        4  entry2.o(.ARM.Collect$$$$00000001)
    .ARM.Collect$$$$00000004                 0x080000c4   Section        4  entry5.o(.ARM.Collect$$$$00000004)
    .ARM.Collect$$$$00000008                 0x080000c8   Section        0  entry7b.o(.ARM.Collect$$$$00000008)
    .ARM.Collect$$$$0000000A                 0x080000c8   Section        0  entry8b.o(.ARM.Collect$$$$0000000A)
    .ARM.Collect$$$$0000000B                 0x080000c8   Section        8  entry9a.o(.ARM.Collect$$$$0000000B)
    .ARM.Collect$$$$0000000E                 0x080000d0   Section        4  entry12b.o(.ARM.Collect$$$$0000000E)
    .ARM.Collect$$$$0000000F                 0x080000d4   Section        0  entry10a.o(.ARM.Collect$$$$0000000F)
    .ARM.Collect$$$$00000011                 0x080000d4   Section        0  entry11a.o(.ARM.Collect$$$$00000011)
    .ARM.Collect$$$$00002712                 0x080000d4   Section        4  entry2.o(.ARM.Collect$$$$00002712)
    __lit__00000000                          0x080000d4   Data           4  entry2.o(.ARM.Collect$$$$00002712)
    .text                                    0x080000d8   Section       28  startup_stm32l051xx.o(.text)
    .text                                    0x080000f4   Section        0  uidiv.o(.text)
    .text                                    0x08000120   Section        0  uldiv.o(.text)
    .text                                    0x08000180   Section        0  memseta.o(.text)
    .text                                    0x080001a4   Section        0  strstr.o(.text)
    .text                                    0x080001cc   Section        0  fdiv.o(.text)
    .text                                    0x08000248   Section        0  ddiv.o(.text)
    .text                                    0x08000338   Section        0  fflti.o(.text)
    .text                                    0x08000350   Section        0  dfltui.o(.text)
    .text                                    0x0800036c   Section        0  dfixui.o(.text)
    .text                                    0x080003a8   Section        0  llshl.o(.text)
    .text                                    0x080003c8   Section        0  llushr.o(.text)
    .text                                    0x080003ea   Section        0  fepilogue.o(.text)
    .text                                    0x080003ea   Section        0  iusefp.o(.text)
    .text                                    0x0800046c   Section        0  depilogue.o(.text)
    .text                                    0x0800052c   Section       36  init.o(.text)
    i.DIO0_GetState                          0x08000550   Section        0  sx127x_driver.o(i.DIO0_GetState)
    i.DMA1_Channel4_5_6_7_IRQHandler         0x08000558   Section        0  stm32l0xx_it.o(i.DMA1_Channel4_5_6_7_IRQHandler)
    i.DMA_SetConfig                          0x08000568   Section        0  stm32l0xx_hal_dma.o(i.DMA_SetConfig)
    DMA_SetConfig                            0x08000569   Thumb Code    44  stm32l0xx_hal_dma.o(i.DMA_SetConfig)
    i.ETH_DMA_START                          0x08000594   Section        0  ether_hal.o(i.ETH_DMA_START)
    i.ETH_Rst                                0x080005a8   Section        0  ether_hal.o(i.ETH_Rst)
    i.ETH_UsartReceive_IDLE                  0x080005f4   Section        0  ether_hal.o(i.ETH_UsartReceive_IDLE)
    i.Error_Handler                          0x08000634   Section        0  main.o(i.Error_Handler)
    i.FLASH_PageErase                        0x08000638   Section        0  stm32l0xx_hal_flash_ex.o(i.FLASH_PageErase)
    i.FLASH_SetErrorCode                     0x08000664   Section        0  stm32l0xx_hal_flash.o(i.FLASH_SetErrorCode)
    FLASH_SetErrorCode                       0x08000665   Thumb Code   134  stm32l0xx_hal_flash.o(i.FLASH_SetErrorCode)
    i.FLASH_WaitForLastOperation             0x080006f4   Section        0  stm32l0xx_hal_flash.o(i.FLASH_WaitForLastOperation)
    i.HAL_DMA_Abort                          0x08000764   Section        0  stm32l0xx_hal_dma.o(i.HAL_DMA_Abort)
    i.HAL_DMA_Abort_IT                       0x080007a8   Section        0  stm32l0xx_hal_dma.o(i.HAL_DMA_Abort_IT)
    i.HAL_DMA_GetError                       0x080007f4   Section        0  stm32l0xx_hal_dma.o(i.HAL_DMA_GetError)
    i.HAL_DMA_IRQHandler                     0x080007f8   Section        0  stm32l0xx_hal_dma.o(i.HAL_DMA_IRQHandler)
    i.HAL_DMA_Init                           0x080008a0   Section        0  stm32l0xx_hal_dma.o(i.HAL_DMA_Init)
    i.HAL_DMA_Start_IT                       0x08000930   Section        0  stm32l0xx_hal_dma.o(i.HAL_DMA_Start_IT)
    i.HAL_Delay                              0x08000998   Section        0  stm32l0xx_hal.o(i.HAL_Delay)
    i.HAL_FLASHEx_Erase                      0x080009b4   Section        0  stm32l0xx_hal_flash_ex.o(i.HAL_FLASHEx_Erase)
    i.HAL_FLASH_GetError                     0x08000a2c   Section        0  stm32l0xx_hal_flash.o(i.HAL_FLASH_GetError)
    i.HAL_FLASH_Lock                         0x08000a38   Section        0  stm32l0xx_hal_flash.o(i.HAL_FLASH_Lock)
    i.HAL_FLASH_Program                      0x08000a54   Section        0  stm32l0xx_hal_flash.o(i.HAL_FLASH_Program)
    i.HAL_FLASH_Unlock                       0x08000a90   Section        0  stm32l0xx_hal_flash.o(i.HAL_FLASH_Unlock)
    i.HAL_GPIO_Init                          0x08000aec   Section        0  stm32l0xx_hal_gpio.o(i.HAL_GPIO_Init)
    i.HAL_GPIO_ReadPin                       0x08000c64   Section        0  stm32l0xx_hal_gpio.o(i.HAL_GPIO_ReadPin)
    i.HAL_GPIO_TogglePin                     0x08000c6e   Section        0  stm32l0xx_hal_gpio.o(i.HAL_GPIO_TogglePin)
    i.HAL_GPIO_WritePin                      0x08000c76   Section        0  stm32l0xx_hal_gpio.o(i.HAL_GPIO_WritePin)
    i.HAL_GetTick                            0x08000c84   Section        0  stm32l0xx_hal.o(i.HAL_GetTick)
    i.HAL_IWDG_Init                          0x08000c90   Section        0  stm32l0xx_hal_iwdg.o(i.HAL_IWDG_Init)
    i.HAL_IWDG_Refresh                       0x08000cf4   Section        0  stm32l0xx_hal_iwdg.o(i.HAL_IWDG_Refresh)
    i.HAL_IncTick                            0x08000d04   Section        0  stm32l0xx_hal.o(i.HAL_IncTick)
    i.HAL_Init                               0x08000d14   Section        0  stm32l0xx_hal.o(i.HAL_Init)
    i.HAL_InitTick                           0x08000d3c   Section        0  stm32l0xx_hal.o(i.HAL_InitTick)
    i.HAL_MspInit                            0x08000d6c   Section        0  stm32l0xx_hal_msp.o(i.HAL_MspInit)
    i.HAL_NVIC_EnableIRQ                     0x08000d84   Section        0  stm32l0xx_hal_cortex.o(i.HAL_NVIC_EnableIRQ)
    i.HAL_NVIC_SetPriority                   0x08000d98   Section        0  stm32l0xx_hal_cortex.o(i.HAL_NVIC_SetPriority)
    i.HAL_NVIC_SystemReset                   0x08000da0   Section        0  stm32l0xx_hal_cortex.o(i.HAL_NVIC_SystemReset)
    i.HAL_RCCEx_PeriphCLKConfig              0x08000dbc   Section        0  stm32l0xx_hal_rcc_ex.o(i.HAL_RCCEx_PeriphCLKConfig)
    i.HAL_RCC_CSSCallback                    0x08000f20   Section        0  stm32l0xx_hal_rcc.o(i.HAL_RCC_CSSCallback)
    i.HAL_RCC_ClockConfig                    0x08000f24   Section        0  stm32l0xx_hal_rcc.o(i.HAL_RCC_ClockConfig)
    i.HAL_RCC_EnableCSS                      0x08001090   Section        0  stm32l0xx_hal_rcc.o(i.HAL_RCC_EnableCSS)
    i.HAL_RCC_GetPCLK1Freq                   0x080010a4   Section        0  stm32l0xx_hal_rcc.o(i.HAL_RCC_GetPCLK1Freq)
    i.HAL_RCC_GetPCLK2Freq                   0x080010c4   Section        0  stm32l0xx_hal_rcc.o(i.HAL_RCC_GetPCLK2Freq)
    i.HAL_RCC_GetSysClockFreq                0x080010e4   Section        0  stm32l0xx_hal_rcc.o(i.HAL_RCC_GetSysClockFreq)
    i.HAL_RCC_NMI_IRQHandler                 0x0800115c   Section        0  stm32l0xx_hal_rcc.o(i.HAL_RCC_NMI_IRQHandler)
    i.HAL_RCC_OscConfig                      0x08001174   Section        0  stm32l0xx_hal_rcc.o(i.HAL_RCC_OscConfig)
    i.HAL_SPI_Init                           0x08001590   Section        0  stm32l0xx_hal_spi.o(i.HAL_SPI_Init)
    i.HAL_SPI_MspInit                        0x08001610   Section        0  spi.o(i.HAL_SPI_MspInit)
    i.HAL_SPI_TransmitReceive                0x08001668   Section        0  stm32l0xx_hal_spi.o(i.HAL_SPI_TransmitReceive)
    i.HAL_SYSTICK_Config                     0x08001858   Section        0  stm32l0xx_hal_cortex.o(i.HAL_SYSTICK_Config)
    i.HAL_UARTEx_WakeupCallback              0x08001888   Section        0  stm32l0xx_hal_uart_ex.o(i.HAL_UARTEx_WakeupCallback)
    i.HAL_UART_DMAStop                       0x0800188a   Section        0  stm32l0xx_hal_uart.o(i.HAL_UART_DMAStop)
    i.HAL_UART_ErrorCallback                 0x08001904   Section        0  stm32l0xx_hal_uart.o(i.HAL_UART_ErrorCallback)
    i.HAL_UART_IRQHandler                    0x08001908   Section        0  stm32l0xx_hal_uart.o(i.HAL_UART_IRQHandler)
    i.HAL_UART_Init                          0x08001a44   Section        0  stm32l0xx_hal_uart.o(i.HAL_UART_Init)
    i.HAL_UART_MspInit                       0x08001ab0   Section        0  usart.o(i.HAL_UART_MspInit)
    i.HAL_UART_Receive_DMA                   0x08001bac   Section        0  stm32l0xx_hal_uart.o(i.HAL_UART_Receive_DMA)
    i.HAL_UART_RxCpltCallback                0x08001c64   Section        0  stm32l0xx_hal_uart.o(i.HAL_UART_RxCpltCallback)
    i.HAL_UART_RxHalfCpltCallback            0x08001c66   Section        0  stm32l0xx_hal_uart.o(i.HAL_UART_RxHalfCpltCallback)
    i.HAL_UART_Transmit                      0x08001c68   Section        0  stm32l0xx_hal_uart.o(i.HAL_UART_Transmit)
    i.HAL_UART_TxCpltCallback                0x08001d36   Section        0  stm32l0xx_hal_uart.o(i.HAL_UART_TxCpltCallback)
    i.HardFault_Handler                      0x08001d38   Section        0  stm32l0xx_it.o(i.HardFault_Handler)
    i.LoRaConfig_Check                       0x08001d3c   Section        0  sx127x_driver.o(i.LoRaConfig_Check)
    i.MX_DMA_Init                            0x08001e1c   Section        0  dma.o(i.MX_DMA_Init)
    i.MX_GPIO_Init                           0x08001e34   Section        0  gpio.o(i.MX_GPIO_Init)
    i.MX_IWDG_Init                           0x08001ee0   Section        0  iwdg.o(i.MX_IWDG_Init)
    i.MX_SPI1_Init                           0x08001f0c   Section        0  spi.o(i.MX_SPI1_Init)
    i.MX_USART1_UART_Init                    0x08001f50   Section        0  usart.o(i.MX_USART1_UART_Init)
    i.MX_USART2_UART_Init                    0x08001f88   Section        0  usart.o(i.MX_USART2_UART_Init)
    i.NMI_Handler                            0x08001fc0   Section        0  stm32l0xx_it.o(i.NMI_Handler)
    i.NVIC_SetPriority                       0x08001fc8   Section        0  stm32l0xx_hal_cortex.o(i.NVIC_SetPriority)
    NVIC_SetPriority                         0x08001fc9   Thumb Code    60  stm32l0xx_hal_cortex.o(i.NVIC_SetPriority)
    i.PendSV_Handler                         0x0800200c   Section        0  stm32l0xx_it.o(i.PendSV_Handler)
    i.SPI_EndRxTxTransaction                 0x0800200e   Section        0  stm32l0xx_hal_spi.o(i.SPI_EndRxTxTransaction)
    SPI_EndRxTxTransaction                   0x0800200f   Thumb Code    66  stm32l0xx_hal_spi.o(i.SPI_EndRxTxTransaction)
    i.SPI_WaitFlagStateUntilTimeout          0x08002050   Section        0  stm32l0xx_hal_spi.o(i.SPI_WaitFlagStateUntilTimeout)
    SPI_WaitFlagStateUntilTimeout            0x08002051   Thumb Code   140  stm32l0xx_hal_spi.o(i.SPI_WaitFlagStateUntilTimeout)
    i.STMFLASH_Read                          0x080020dc   Section        0  stm_flash.o(i.STMFLASH_Read)
    i.STMFLASH_Write                         0x080020f4   Section        0  stm_flash.o(i.STMFLASH_Write)
    i.STMFLASH_Write_NoCheck                 0x08002288   Section        0  stm_flash.o(i.STMFLASH_Write_NoCheck)
    i.SVC_Handler                            0x080022ac   Section        0  stm32l0xx_it.o(i.SVC_Handler)
    i.SX127XWriteRxTx                        0x080022ae   Section        0  sx127x_driver.o(i.SX127XWriteRxTx)
    i.SX127X_DIO0_GetState                   0x080022cc   Section        0  sx127x_hal.o(i.SX127X_DIO0_GetState)
    i.SX127X_FreqSet                         0x080022dc   Section        0  sx127x_driver.o(i.SX127X_FreqSet)
    i.SX127X_Lora_init                       0x0800237c   Section        0  sx127x_driver.o(i.SX127X_Lora_init)
    i.SX127X_NSS_OUTPUT                      0x0800247c   Section        0  sx127x_hal.o(i.SX127X_NSS_OUTPUT)
    i.SX127X_PoutSet                         0x0800248c   Section        0  sx127x_driver.o(i.SX127X_PoutSet)
    i.SX127X_RXE_OUTPUT                      0x080024e8   Section        0  sx127x_hal.o(i.SX127X_RXE_OUTPUT)
    i.SX127X_Read                            0x080024ea   Section        0  sx127x_driver.o(i.SX127X_Read)
    i.SX127X_ReadBuffer                      0x080024f4   Section        0  sx127x_hal.o(i.SX127X_ReadBuffer)
    i.SX127X_ReadFifo                        0x08002526   Section        0  sx127x_driver.o(i.SX127X_ReadFifo)
    i.SX127X_ReadWriteByte                   0x08002534   Section        0  sx127x_hal.o(i.SX127X_ReadWriteByte)
    i.SX127X_Reset                           0x08002554   Section        0  sx127x_driver.o(i.SX127X_Reset)
    i.SX127X_RxPacket                        0x08002580   Section        0  sx127x_driver.o(i.SX127X_RxPacket)
    i.SX127X_StandbyMode                     0x08002608   Section        0  sx127x_driver.o(i.SX127X_StandbyMode)
    i.SX127X_StartRx                         0x08002614   Section        0  sx127x_driver.o(i.SX127X_StartRx)
    i.SX127X_TXE_OUTPUT                      0x08002668   Section        0  sx127x_hal.o(i.SX127X_TXE_OUTPUT)
    i.SX127X_TxPacket                        0x0800266c   Section        0  sx127x_driver.o(i.SX127X_TxPacket)
    i.SX127X_Write                           0x080026d0   Section        0  sx127x_driver.o(i.SX127X_Write)
    i.SX127X_WriteBuffer                     0x080026dc   Section        0  sx127x_hal.o(i.SX127X_WriteBuffer)
    i.SysTick_Handler                        0x08002710   Section        0  stm32l0xx_it.o(i.SysTick_Handler)
    i.SystemClock_Config                     0x08002794   Section        0  main.o(i.SystemClock_Config)
    i.SystemInit                             0x08002814   Section        0  system_stm32l0xx.o(i.SystemInit)
    i.UART_AdvFeatureConfig                  0x08002868   Section        0  stm32l0xx_hal_uart.o(i.UART_AdvFeatureConfig)
    i.UART_CheckIdleState                    0x08002934   Section        0  stm32l0xx_hal_uart.o(i.UART_CheckIdleState)
    i.UART_DMAAbortOnError                   0x08002994   Section        0  stm32l0xx_hal_uart.o(i.UART_DMAAbortOnError)
    UART_DMAAbortOnError                     0x08002995   Thumb Code    20  stm32l0xx_hal_uart.o(i.UART_DMAAbortOnError)
    i.UART_DMAError                          0x080029a8   Section        0  stm32l0xx_hal_uart.o(i.UART_DMAError)
    UART_DMAError                            0x080029a9   Thumb Code    72  stm32l0xx_hal_uart.o(i.UART_DMAError)
    i.UART_DMAReceiveCplt                    0x080029f0   Section        0  stm32l0xx_hal_uart.o(i.UART_DMAReceiveCplt)
    UART_DMAReceiveCplt                      0x080029f1   Thumb Code    62  stm32l0xx_hal_uart.o(i.UART_DMAReceiveCplt)
    i.UART_DMARxHalfCplt                     0x08002a2e   Section        0  stm32l0xx_hal_uart.o(i.UART_DMARxHalfCplt)
    UART_DMARxHalfCplt                       0x08002a2f   Thumb Code    10  stm32l0xx_hal_uart.o(i.UART_DMARxHalfCplt)
    i.UART_EndRxTransfer                     0x08002a38   Section        0  stm32l0xx_hal_uart.o(i.UART_EndRxTransfer)
    UART_EndRxTransfer                       0x08002a39   Thumb Code    32  stm32l0xx_hal_uart.o(i.UART_EndRxTransfer)
    i.UART_EndTxTransfer                     0x08002a58   Section        0  stm32l0xx_hal_uart.o(i.UART_EndTxTransfer)
    UART_EndTxTransfer                       0x08002a59   Thumb Code    16  stm32l0xx_hal_uart.o(i.UART_EndTxTransfer)
    i.UART_SetConfig                         0x08002a68   Section        0  stm32l0xx_hal_uart.o(i.UART_SetConfig)
    i.UART_WaitOnFlagUntilTimeout            0x08002c90   Section        0  stm32l0xx_hal_uart.o(i.UART_WaitOnFlagUntilTimeout)
    i.USART2_IRQHandler                      0x08002cf4   Section        0  ether_hal.o(i.USART2_IRQHandler)
    i.__0printf$8                            0x08002d08   Section        0  printf8.o(i.__0printf$8)
    i.__0sprintf$8                           0x08002d28   Section        0  printf8.o(i.__0sprintf$8)
    i.__ARM_clz                              0x08002d50   Section        0  depilogue.o(i.__ARM_clz)
    i.__ARM_common_switch8                   0x08002d7e   Section        0  main_app.o(i.__ARM_common_switch8)
    i.__scatterload_copy                     0x08002d98   Section       14  handlers.o(i.__scatterload_copy)
    i.__scatterload_null                     0x08002da6   Section        2  handlers.o(i.__scatterload_null)
    i.__scatterload_zeroinit                 0x08002da8   Section       14  handlers.o(i.__scatterload_zeroinit)
    i._printf_core                           0x08002db8   Section        0  printf8.o(i._printf_core)
    _printf_core                             0x08002db9   Thumb Code  1020  printf8.o(i._printf_core)
    i._printf_post_padding                   0x080031e0   Section        0  printf8.o(i._printf_post_padding)
    _printf_post_padding                     0x080031e1   Thumb Code    32  printf8.o(i._printf_post_padding)
    i._printf_pre_padding                    0x08003200   Section        0  printf8.o(i._printf_pre_padding)
    _printf_pre_padding                      0x08003201   Thumb Code    44  printf8.o(i._printf_pre_padding)
    i._sputc                                 0x0800322c   Section        0  printf8.o(i._sputc)
    _sputc                                   0x0800322d   Thumb Code    10  printf8.o(i._sputc)
    i.app_lora_config_init                   0x08003238   Section        0  main_app.o(i.app_lora_config_init)
    i.atk_eth_send_cmd                       0x080032b8   Section        0  ether_hal.o(i.atk_eth_send_cmd)
    i.check_factory_parameter                0x08003378   Section        0  main_app.o(i.check_factory_parameter)
    i.chuchang_check                         0x080033c4   Section        0  main.o(i.chuchang_check)
    i.data_decrypt                           0x08003504   Section        0  sm4_app.o(i.data_decrypt)
    i.data_encrypt                           0x0800351a   Section        0  sm4_app.o(i.data_encrypt)
    i.eth_at_open                            0x08003530   Section        0  ether_hal.o(i.eth_at_open)
    i.eth_init                               0x08003570   Section        0  ether_hal.o(i.eth_init)
    i.eth_send_string                        0x080038bc   Section        0  ether_hal.o(i.eth_send_string)
    i.fputc                                  0x080038d0   Section        0  debug_usart_hal.o(i.fputc)
    i.lora_process                           0x080038ec   Section        0  main_app.o(i.lora_process)
    i.lora_send_data                         0x08003ad4   Section        0  main_app.o(i.lora_send_data)
    i.main                                   0x08003b08   Section        0  main.o(i.main)
    i.send_byte_to_eth                       0x08003b70   Section        0  ether_hal.o(i.send_byte_to_eth)
    i.send_string_to_eth                     0x08003b88   Section        0  ether_hal.o(i.send_string_to_eth)
    i.u32_ip_to_u8_ip                        0x08003ba0   Section        0  main.o(i.u32_ip_to_u8_ip)
    i.u8_ip_to_u32_ip                        0x08003bc8   Section        0  main.o(i.u8_ip_to_u32_ip)
    i.u8_ip_to_u32_ip_more                   0x08003be0   Section        0  main.o(i.u8_ip_to_u32_ip_more)
    i.wifi_connect_pin_pack                  0x08003bf8   Section        0  main_app.o(i.wifi_connect_pin_pack)
    i.wifi_process                           0x08003c54   Section        0  main_app.o(i.wifi_process)
    .constdata                               0x080046a4   Section       25  system_stm32l0xx.o(.constdata)
    .constdata                               0x080046bd   Section        8  system_stm32l0xx.o(.constdata)
    .data                                    0x20000000   Section       70  main_app.o(.data)
    wifi_comum                               0x20000003   Data           1  main_app.o(.data)
    .data                                    0x20000048   Section        4  main_app.o(.data)
    .data                                    0x2000004c   Section       24  main.o(.data)
    .data                                    0x20000064   Section        4  main.o(.data)
    .data                                    0x20000068   Section        8  stm32l0xx_it.o(.data)
    .data                                    0x20000070   Section        4  stm32l0xx_hal.o(.data)
    .data                                    0x20000074   Section        4  system_stm32l0xx.o(.data)
    .data                                    0x20000078   Section       20  sx127x_driver.o(.data)
    .data                                    0x2000008c   Section      122  ether_hal.o(.data)
    comumtate                                0x2000008c   Data           1  ether_hal.o(.data)
    wifi_state_num                           0x2000008d   Data           1  ether_hal.o(.data)
    eth_wait_tim_sta                         0x20000090   Data           4  ether_hal.o(.data)
    eth_wait_tim_end                         0x20000094   Data           4  ether_hal.o(.data)
    .data                                    0x20000108   Section        4  stdout.o(.data)
    .bss                                     0x2000010c   Section      200  main_app.o(.bss)
    .bss                                     0x200001d4   Section       16  iwdg.o(.bss)
    .bss                                     0x200001e4   Section       88  spi.o(.bss)
    .bss                                     0x2000023c   Section      328  usart.o(.bss)
    .bss                                     0x20000384   Section       24  stm32l0xx_hal_flash.o(.bss)
    .bss                                     0x2000039c   Section       16  sx127x_driver.o(.bss)
    .bss                                     0x200003ac   Section      158  ether_hal.o(.bss)
    .bss                                     0x2000044c   Section      140  stm_flash.o(.bss)
    STMFLASH_BUF                             0x2000044c   Data         128  stm_flash.o(.bss)
    EraseInitStruct                          0x200004cc   Data          12  stm_flash.o(.bss)
    STACK                                    0x200004d8   Section     4096  startup_stm32l051xx.o(STACK)

    Global Symbols

    Symbol Name                              Value     Ov Type        Size  Object(Section)

    BuildAttributes$$THM_ISAv3M$S$PE$A:L22$X:L11$S22$IEEE1$IW$USESV6$~STKCKD$USESV7$~SHL$OTIME$ROPI$EBA8$MICROLIB$REQ8$PRES8$EABIv2 0x00000000   Number         0  anon$$obj.o ABSOLUTE
    __ARM_use_no_argv                        0x00000000   Number         0  main.o ABSOLUTE
    _printf_a                                0x00000000   Number         0  stubs.o ABSOLUTE
    _printf_c                                0x00000000   Number         0  stubs.o ABSOLUTE
    _printf_charcount                        0x00000000   Number         0  stubs.o ABSOLUTE
    _printf_d                                0x00000000   Number         0  stubs.o ABSOLUTE
    _printf_e                                0x00000000   Number         0  stubs.o ABSOLUTE
    _printf_f                                0x00000000   Number         0  stubs.o ABSOLUTE
    _printf_flags                            0x00000000   Number         0  stubs.o ABSOLUTE
    _printf_fp_dec                           0x00000000   Number         0  stubs.o ABSOLUTE
    _printf_fp_hex                           0x00000000   Number         0  stubs.o ABSOLUTE
    _printf_g                                0x00000000   Number         0  stubs.o ABSOLUTE
    _printf_i                                0x00000000   Number         0  stubs.o ABSOLUTE
    _printf_int_dec                          0x00000000   Number         0  stubs.o ABSOLUTE
    _printf_l                                0x00000000   Number         0  stubs.o ABSOLUTE
    _printf_lc                               0x00000000   Number         0  stubs.o ABSOLUTE
    _printf_ll                               0x00000000   Number         0  stubs.o ABSOLUTE
    _printf_lld                              0x00000000   Number         0  stubs.o ABSOLUTE
    _printf_lli                              0x00000000   Number         0  stubs.o ABSOLUTE
    _printf_llo                              0x00000000   Number         0  stubs.o ABSOLUTE
    _printf_llu                              0x00000000   Number         0  stubs.o ABSOLUTE
    _printf_llx                              0x00000000   Number         0  stubs.o ABSOLUTE
    _printf_longlong_dec                     0x00000000   Number         0  stubs.o ABSOLUTE
    _printf_longlong_hex                     0x00000000   Number         0  stubs.o ABSOLUTE
    _printf_longlong_oct                     0x00000000   Number         0  stubs.o ABSOLUTE
    _printf_ls                               0x00000000   Number         0  stubs.o ABSOLUTE
    _printf_mbtowc                           0x00000000   Number         0  stubs.o ABSOLUTE
    _printf_n                                0x00000000   Number         0  stubs.o ABSOLUTE
    _printf_o                                0x00000000   Number         0  stubs.o ABSOLUTE
    _printf_p                                0x00000000   Number         0  stubs.o ABSOLUTE
    _printf_percent                          0x00000000   Number         0  stubs.o ABSOLUTE
    _printf_pre_padding                      0x00000000   Number         0  stubs.o ABSOLUTE
    _printf_return_value                     0x00000000   Number         0  stubs.o ABSOLUTE
    _printf_s                                0x00000000   Number         0  stubs.o ABSOLUTE
    _printf_sizespec                         0x00000000   Number         0  stubs.o ABSOLUTE
    _printf_str                              0x00000000   Number         0  stubs.o ABSOLUTE
    _printf_truncate_signed                  0x00000000   Number         0  stubs.o ABSOLUTE
    _printf_truncate_unsigned                0x00000000   Number         0  stubs.o ABSOLUTE
    _printf_u                                0x00000000   Number         0  stubs.o ABSOLUTE
    _printf_wc                               0x00000000   Number         0  stubs.o ABSOLUTE
    _printf_wctomb                           0x00000000   Number         0  stubs.o ABSOLUTE
    _printf_widthprec                        0x00000000   Number         0  stubs.o ABSOLUTE
    _printf_x                                0x00000000   Number         0  stubs.o ABSOLUTE
    __arm_fini_                               - Undefined Weak Reference
    __cpp_initialize__aeabi_                  - Undefined Weak Reference
    __cxa_finalize                            - Undefined Weak Reference
    __decompress                              - Undefined Weak Reference
    _clock_init                               - Undefined Weak Reference
    _microlib_exit                            - Undefined Weak Reference
    __Vectors_Size                           0x000000c0   Number         0  startup_stm32l051xx.o ABSOLUTE
    __Vectors                                0x08000000   Data           4  startup_stm32l051xx.o(RESET)
    __Vectors_End                            0x080000c0   Data           0  startup_stm32l051xx.o(RESET)
    __main                                   0x080000c1   Thumb Code     0  entry.o(.ARM.Collect$$$$00000000)
    _main_stk                                0x080000c1   Thumb Code     0  entry2.o(.ARM.Collect$$$$00000001)
    _main_scatterload                        0x080000c5   Thumb Code     0  entry5.o(.ARM.Collect$$$$00000004)
    __main_after_scatterload                 0x080000c9   Thumb Code     0  entry5.o(.ARM.Collect$$$$00000004)
    _main_clock                              0x080000c9   Thumb Code     0  entry7b.o(.ARM.Collect$$$$00000008)
    _main_cpp_init                           0x080000c9   Thumb Code     0  entry8b.o(.ARM.Collect$$$$0000000A)
    _main_init                               0x080000c9   Thumb Code     0  entry9a.o(.ARM.Collect$$$$0000000B)
    __rt_lib_shutdown_fini                   0x080000d1   Thumb Code     0  entry12b.o(.ARM.Collect$$$$0000000E)
    __rt_final_cpp                           0x080000d5   Thumb Code     0  entry10a.o(.ARM.Collect$$$$0000000F)
    __rt_final_exit                          0x080000d5   Thumb Code     0  entry11a.o(.ARM.Collect$$$$00000011)
    Reset_Handler                            0x080000d9   Thumb Code     8  startup_stm32l051xx.o(.text)
    ADC1_COMP_IRQHandler                     0x080000eb   Thumb Code     0  startup_stm32l051xx.o(.text)
    DMA1_Channel1_IRQHandler                 0x080000eb   Thumb Code     0  startup_stm32l051xx.o(.text)
    DMA1_Channel2_3_IRQHandler               0x080000eb   Thumb Code     0  startup_stm32l051xx.o(.text)
    EXTI0_1_IRQHandler                       0x080000eb   Thumb Code     0  startup_stm32l051xx.o(.text)
    EXTI2_3_IRQHandler                       0x080000eb   Thumb Code     0  startup_stm32l051xx.o(.text)
    EXTI4_15_IRQHandler                      0x080000eb   Thumb Code     0  startup_stm32l051xx.o(.text)
    FLASH_IRQHandler                         0x080000eb   Thumb Code     0  startup_stm32l051xx.o(.text)
    I2C1_IRQHandler                          0x080000eb   Thumb Code     0  startup_stm32l051xx.o(.text)
    I2C2_IRQHandler                          0x080000eb   Thumb Code     0  startup_stm32l051xx.o(.text)
    LPTIM1_IRQHandler                        0x080000eb   Thumb Code     0  startup_stm32l051xx.o(.text)
    LPUART1_IRQHandler                       0x080000eb   Thumb Code     0  startup_stm32l051xx.o(.text)
    PVD_IRQHandler                           0x080000eb   Thumb Code     0  startup_stm32l051xx.o(.text)
    RCC_IRQHandler                           0x080000eb   Thumb Code     0  startup_stm32l051xx.o(.text)
    RTC_IRQHandler                           0x080000eb   Thumb Code     0  startup_stm32l051xx.o(.text)
    SPI1_IRQHandler                          0x080000eb   Thumb Code     0  startup_stm32l051xx.o(.text)
    SPI2_IRQHandler                          0x080000eb   Thumb Code     0  startup_stm32l051xx.o(.text)
    TIM21_IRQHandler                         0x080000eb   Thumb Code     0  startup_stm32l051xx.o(.text)
    TIM22_IRQHandler                         0x080000eb   Thumb Code     0  startup_stm32l051xx.o(.text)
    TIM2_IRQHandler                          0x080000eb   Thumb Code     0  startup_stm32l051xx.o(.text)
    TIM6_IRQHandler                          0x080000eb   Thumb Code     0  startup_stm32l051xx.o(.text)
    USART1_IRQHandler                        0x080000eb   Thumb Code     0  startup_stm32l051xx.o(.text)
    WWDG_IRQHandler                          0x080000eb   Thumb Code     0  startup_stm32l051xx.o(.text)
    __aeabi_uidiv                            0x080000f5   Thumb Code     0  uidiv.o(.text)
    __aeabi_uidivmod                         0x080000f5   Thumb Code    44  uidiv.o(.text)
    __aeabi_uldivmod                         0x08000121   Thumb Code    96  uldiv.o(.text)
    __aeabi_memset                           0x08000181   Thumb Code    14  memseta.o(.text)
    __aeabi_memset4                          0x08000181   Thumb Code     0  memseta.o(.text)
    __aeabi_memset8                          0x08000181   Thumb Code     0  memseta.o(.text)
    __aeabi_memclr                           0x0800018f   Thumb Code     4  memseta.o(.text)
    __aeabi_memclr4                          0x0800018f   Thumb Code     0  memseta.o(.text)
    __aeabi_memclr8                          0x0800018f   Thumb Code     0  memseta.o(.text)
    _memset$wrapper                          0x08000193   Thumb Code    18  memseta.o(.text)
    strstr                                   0x080001a5   Thumb Code    40  strstr.o(.text)
    __aeabi_fdiv                             0x080001cd   Thumb Code   124  fdiv.o(.text)
    __aeabi_ddiv                             0x08000249   Thumb Code   234  ddiv.o(.text)
    __aeabi_i2f                              0x08000339   Thumb Code    22  fflti.o(.text)
    __aeabi_ui2d                             0x08000351   Thumb Code    24  dfltui.o(.text)
    __aeabi_d2uiz                            0x0800036d   Thumb Code    50  dfixui.o(.text)
    __aeabi_llsl                             0x080003a9   Thumb Code    32  llshl.o(.text)
    _ll_shift_l                              0x080003a9   Thumb Code     0  llshl.o(.text)
    __aeabi_llsr                             0x080003c9   Thumb Code    34  llushr.o(.text)
    _ll_ushift_r                             0x080003c9   Thumb Code     0  llushr.o(.text)
    __I$use$fp                               0x080003eb   Thumb Code     0  iusefp.o(.text)
    _float_round                             0x080003eb   Thumb Code    16  fepilogue.o(.text)
    _float_epilogue                          0x080003fb   Thumb Code   114  fepilogue.o(.text)
    _double_round                            0x0800046d   Thumb Code    26  depilogue.o(.text)
    _double_epilogue                         0x08000487   Thumb Code   164  depilogue.o(.text)
    __scatterload                            0x0800052d   Thumb Code    28  init.o(.text)
    __scatterload_rt2                        0x0800052d   Thumb Code     0  init.o(.text)
    DIO0_GetState                            0x08000551   Thumb Code     8  sx127x_driver.o(i.DIO0_GetState)
    DMA1_Channel4_5_6_7_IRQHandler           0x08000559   Thumb Code    10  stm32l0xx_it.o(i.DMA1_Channel4_5_6_7_IRQHandler)
    ETH_DMA_START                            0x08000595   Thumb Code    14  ether_hal.o(i.ETH_DMA_START)
    ETH_Rst                                  0x080005a9   Thumb Code    72  ether_hal.o(i.ETH_Rst)
    ETH_UsartReceive_IDLE                    0x080005f5   Thumb Code    56  ether_hal.o(i.ETH_UsartReceive_IDLE)
    Error_Handler                            0x08000635   Thumb Code     2  main.o(i.Error_Handler)
    FLASH_PageErase                          0x08000639   Thumb Code    34  stm32l0xx_hal_flash_ex.o(i.FLASH_PageErase)
    FLASH_WaitForLastOperation               0x080006f5   Thumb Code   106  stm32l0xx_hal_flash.o(i.FLASH_WaitForLastOperation)
    HAL_DMA_Abort                            0x08000765   Thumb Code    68  stm32l0xx_hal_dma.o(i.HAL_DMA_Abort)
    HAL_DMA_Abort_IT                         0x080007a9   Thumb Code    76  stm32l0xx_hal_dma.o(i.HAL_DMA_Abort_IT)
    HAL_DMA_GetError                         0x080007f5   Thumb Code     4  stm32l0xx_hal_dma.o(i.HAL_DMA_GetError)
    HAL_DMA_IRQHandler                       0x080007f9   Thumb Code   168  stm32l0xx_hal_dma.o(i.HAL_DMA_IRQHandler)
    HAL_DMA_Init                             0x080008a1   Thumb Code   132  stm32l0xx_hal_dma.o(i.HAL_DMA_Init)
    HAL_DMA_Start_IT                         0x08000931   Thumb Code   104  stm32l0xx_hal_dma.o(i.HAL_DMA_Start_IT)
    HAL_Delay                                0x08000999   Thumb Code    28  stm32l0xx_hal.o(i.HAL_Delay)
    HAL_FLASHEx_Erase                        0x080009b5   Thumb Code   106  stm32l0xx_hal_flash_ex.o(i.HAL_FLASHEx_Erase)
    HAL_FLASH_GetError                       0x08000a2d   Thumb Code     6  stm32l0xx_hal_flash.o(i.HAL_FLASH_GetError)
    HAL_FLASH_Lock                           0x08000a39   Thumb Code    22  stm32l0xx_hal_flash.o(i.HAL_FLASH_Lock)
    HAL_FLASH_Program                        0x08000a55   Thumb Code    50  stm32l0xx_hal_flash.o(i.HAL_FLASH_Program)
    HAL_FLASH_Unlock                         0x08000a91   Thumb Code    70  stm32l0xx_hal_flash.o(i.HAL_FLASH_Unlock)
    HAL_GPIO_Init                            0x08000aed   Thumb Code   346  stm32l0xx_hal_gpio.o(i.HAL_GPIO_Init)
    HAL_GPIO_ReadPin                         0x08000c65   Thumb Code    10  stm32l0xx_hal_gpio.o(i.HAL_GPIO_ReadPin)
    HAL_GPIO_TogglePin                       0x08000c6f   Thumb Code     8  stm32l0xx_hal_gpio.o(i.HAL_GPIO_TogglePin)
    HAL_GPIO_WritePin                        0x08000c77   Thumb Code    12  stm32l0xx_hal_gpio.o(i.HAL_GPIO_WritePin)
    HAL_GetTick                              0x08000c85   Thumb Code     6  stm32l0xx_hal.o(i.HAL_GetTick)
    HAL_IWDG_Init                            0x08000c91   Thumb Code    86  stm32l0xx_hal_iwdg.o(i.HAL_IWDG_Init)
    HAL_IWDG_Refresh                         0x08000cf5   Thumb Code    10  stm32l0xx_hal_iwdg.o(i.HAL_IWDG_Refresh)
    HAL_IncTick                              0x08000d05   Thumb Code    10  stm32l0xx_hal.o(i.HAL_IncTick)
    HAL_Init                                 0x08000d15   Thumb Code    36  stm32l0xx_hal.o(i.HAL_Init)
    HAL_InitTick                             0x08000d3d   Thumb Code    44  stm32l0xx_hal.o(i.HAL_InitTick)
    HAL_MspInit                              0x08000d6d   Thumb Code    20  stm32l0xx_hal_msp.o(i.HAL_MspInit)
    HAL_NVIC_EnableIRQ                       0x08000d85   Thumb Code    14  stm32l0xx_hal_cortex.o(i.HAL_NVIC_EnableIRQ)
    HAL_NVIC_SetPriority                     0x08000d99   Thumb Code     8  stm32l0xx_hal_cortex.o(i.HAL_NVIC_SetPriority)
    HAL_NVIC_SystemReset                     0x08000da1   Thumb Code    18  stm32l0xx_hal_cortex.o(i.HAL_NVIC_SystemReset)
    HAL_RCCEx_PeriphCLKConfig                0x08000dbd   Thumb Code   342  stm32l0xx_hal_rcc_ex.o(i.HAL_RCCEx_PeriphCLKConfig)
    HAL_RCC_CSSCallback                      0x08000f21   Thumb Code     2  stm32l0xx_hal_rcc.o(i.HAL_RCC_CSSCallback)
    HAL_RCC_ClockConfig                      0x08000f25   Thumb Code   344  stm32l0xx_hal_rcc.o(i.HAL_RCC_ClockConfig)
    HAL_RCC_EnableCSS                        0x08001091   Thumb Code    14  stm32l0xx_hal_rcc.o(i.HAL_RCC_EnableCSS)
    HAL_RCC_GetPCLK1Freq                     0x080010a5   Thumb Code    20  stm32l0xx_hal_rcc.o(i.HAL_RCC_GetPCLK1Freq)
    HAL_RCC_GetPCLK2Freq                     0x080010c5   Thumb Code    20  stm32l0xx_hal_rcc.o(i.HAL_RCC_GetPCLK2Freq)
    HAL_RCC_GetSysClockFreq                  0x080010e5   Thumb Code   100  stm32l0xx_hal_rcc.o(i.HAL_RCC_GetSysClockFreq)
    HAL_RCC_NMI_IRQHandler                   0x0800115d   Thumb Code    20  stm32l0xx_hal_rcc.o(i.HAL_RCC_NMI_IRQHandler)
    HAL_RCC_OscConfig                        0x08001175   Thumb Code  1052  stm32l0xx_hal_rcc.o(i.HAL_RCC_OscConfig)
    HAL_SPI_Init                             0x08001591   Thumb Code   128  stm32l0xx_hal_spi.o(i.HAL_SPI_Init)
    HAL_SPI_MspInit                          0x08001611   Thumb Code    78  spi.o(i.HAL_SPI_MspInit)
    HAL_SPI_TransmitReceive                  0x08001669   Thumb Code   496  stm32l0xx_hal_spi.o(i.HAL_SPI_TransmitReceive)
    HAL_SYSTICK_Config                       0x08001859   Thumb Code    38  stm32l0xx_hal_cortex.o(i.HAL_SYSTICK_Config)
    HAL_UARTEx_WakeupCallback                0x08001889   Thumb Code     2  stm32l0xx_hal_uart_ex.o(i.HAL_UARTEx_WakeupCallback)
    HAL_UART_DMAStop                         0x0800188b   Thumb Code   122  stm32l0xx_hal_uart.o(i.HAL_UART_DMAStop)
    HAL_UART_ErrorCallback                   0x08001905   Thumb Code     2  stm32l0xx_hal_uart.o(i.HAL_UART_ErrorCallback)
    HAL_UART_IRQHandler                      0x08001909   Thumb Code   310  stm32l0xx_hal_uart.o(i.HAL_UART_IRQHandler)
    HAL_UART_Init                            0x08001a45   Thumb Code   106  stm32l0xx_hal_uart.o(i.HAL_UART_Init)
    HAL_UART_MspInit                         0x08001ab1   Thumb Code   230  usart.o(i.HAL_UART_MspInit)
    HAL_UART_Receive_DMA                     0x08001bad   Thumb Code   170  stm32l0xx_hal_uart.o(i.HAL_UART_Receive_DMA)
    HAL_UART_RxCpltCallback                  0x08001c65   Thumb Code     2  stm32l0xx_hal_uart.o(i.HAL_UART_RxCpltCallback)
    HAL_UART_RxHalfCpltCallback              0x08001c67   Thumb Code     2  stm32l0xx_hal_uart.o(i.HAL_UART_RxHalfCpltCallback)
    HAL_UART_Transmit                        0x08001c69   Thumb Code   206  stm32l0xx_hal_uart.o(i.HAL_UART_Transmit)
    HAL_UART_TxCpltCallback                  0x08001d37   Thumb Code     2  stm32l0xx_hal_uart.o(i.HAL_UART_TxCpltCallback)
    HardFault_Handler                        0x08001d39   Thumb Code     2  stm32l0xx_it.o(i.HardFault_Handler)
    LoRaConfig_Check                         0x08001d3d   Thumb Code   168  sx127x_driver.o(i.LoRaConfig_Check)
    MX_DMA_Init                              0x08001e1d   Thumb Code    20  dma.o(i.MX_DMA_Init)
    MX_GPIO_Init                             0x08001e35   Thumb Code   154  gpio.o(i.MX_GPIO_Init)
    MX_IWDG_Init                             0x08001ee1   Thumb Code    32  iwdg.o(i.MX_IWDG_Init)
    MX_SPI1_Init                             0x08001f0d   Thumb Code    58  spi.o(i.MX_SPI1_Init)
    MX_USART1_UART_Init                      0x08001f51   Thumb Code    48  usart.o(i.MX_USART1_UART_Init)
    MX_USART2_UART_Init                      0x08001f89   Thumb Code    48  usart.o(i.MX_USART2_UART_Init)
    NMI_Handler                              0x08001fc1   Thumb Code     8  stm32l0xx_it.o(i.NMI_Handler)
    PendSV_Handler                           0x0800200d   Thumb Code     2  stm32l0xx_it.o(i.PendSV_Handler)
    STMFLASH_Read                            0x080020dd   Thumb Code    22  stm_flash.o(i.STMFLASH_Read)
    STMFLASH_Write                           0x080020f5   Thumb Code   264  stm_flash.o(i.STMFLASH_Write)
    STMFLASH_Write_NoCheck                   0x08002289   Thumb Code    36  stm_flash.o(i.STMFLASH_Write_NoCheck)
    SVC_Handler                              0x080022ad   Thumb Code     2  stm32l0xx_it.o(i.SVC_Handler)
    SX127XWriteRxTx                          0x080022af   Thumb Code    30  sx127x_driver.o(i.SX127XWriteRxTx)
    SX127X_DIO0_GetState                     0x080022cd   Thumb Code    12  sx127x_hal.o(i.SX127X_DIO0_GetState)
    SX127X_FreqSet                           0x080022dd   Thumb Code   142  sx127x_driver.o(i.SX127X_FreqSet)
    SX127X_Lora_init                         0x0800237d   Thumb Code   252  sx127x_driver.o(i.SX127X_Lora_init)
    SX127X_NSS_OUTPUT                        0x0800247d   Thumb Code    16  sx127x_hal.o(i.SX127X_NSS_OUTPUT)
    SX127X_PoutSet                           0x0800248d   Thumb Code    88  sx127x_driver.o(i.SX127X_PoutSet)
    SX127X_RXE_OUTPUT                        0x080024e9   Thumb Code     2  sx127x_hal.o(i.SX127X_RXE_OUTPUT)
    SX127X_Read                              0x080024eb   Thumb Code    10  sx127x_driver.o(i.SX127X_Read)
    SX127X_ReadBuffer                        0x080024f5   Thumb Code    50  sx127x_hal.o(i.SX127X_ReadBuffer)
    SX127X_ReadFifo                          0x08002527   Thumb Code    14  sx127x_driver.o(i.SX127X_ReadFifo)
    SX127X_ReadWriteByte                     0x08002535   Thumb Code    28  sx127x_hal.o(i.SX127X_ReadWriteByte)
    SX127X_Reset                             0x08002555   Thumb Code    38  sx127x_driver.o(i.SX127X_Reset)
    SX127X_RxPacket                          0x08002581   Thumb Code   128  sx127x_driver.o(i.SX127X_RxPacket)
    SX127X_StandbyMode                       0x08002609   Thumb Code    12  sx127x_driver.o(i.SX127X_StandbyMode)
    SX127X_StartRx                           0x08002615   Thumb Code    78  sx127x_driver.o(i.SX127X_StartRx)
    SX127X_TXE_OUTPUT                        0x08002669   Thumb Code     2  sx127x_hal.o(i.SX127X_TXE_OUTPUT)
    SX127X_TxPacket                          0x0800266d   Thumb Code    96  sx127x_driver.o(i.SX127X_TxPacket)
    SX127X_Write                             0x080026d1   Thumb Code    12  sx127x_driver.o(i.SX127X_Write)
    SX127X_WriteBuffer                       0x080026dd   Thumb Code    50  sx127x_hal.o(i.SX127X_WriteBuffer)
    SysTick_Handler                          0x08002711   Thumb Code   100  stm32l0xx_it.o(i.SysTick_Handler)
    SystemClock_Config                       0x08002795   Thumb Code   122  main.o(i.SystemClock_Config)
    SystemInit                               0x08002815   Thumb Code    66  system_stm32l0xx.o(i.SystemInit)
    UART_AdvFeatureConfig                    0x08002869   Thumb Code   202  stm32l0xx_hal_uart.o(i.UART_AdvFeatureConfig)
    UART_CheckIdleState                      0x08002935   Thumb Code    90  stm32l0xx_hal_uart.o(i.UART_CheckIdleState)
    UART_SetConfig                           0x08002a69   Thumb Code   506  stm32l0xx_hal_uart.o(i.UART_SetConfig)
    UART_WaitOnFlagUntilTimeout              0x08002c91   Thumb Code    98  stm32l0xx_hal_uart.o(i.UART_WaitOnFlagUntilTimeout)
    USART2_IRQHandler                        0x08002cf5   Thumb Code    14  ether_hal.o(i.USART2_IRQHandler)
    __0printf$8                              0x08002d09   Thumb Code    24  printf8.o(i.__0printf$8)
    __1printf$8                              0x08002d09   Thumb Code     0  printf8.o(i.__0printf$8)
    __2printf                                0x08002d09   Thumb Code     0  printf8.o(i.__0printf$8)
    __0sprintf$8                             0x08002d29   Thumb Code    36  printf8.o(i.__0sprintf$8)
    __1sprintf$8                             0x08002d29   Thumb Code     0  printf8.o(i.__0sprintf$8)
    __2sprintf                               0x08002d29   Thumb Code     0  printf8.o(i.__0sprintf$8)
    __ARM_clz                                0x08002d51   Thumb Code    46  depilogue.o(i.__ARM_clz)
    __ARM_common_switch8                     0x08002d7f   Thumb Code    26  main_app.o(i.__ARM_common_switch8)
    __scatterload_copy                       0x08002d99   Thumb Code    14  handlers.o(i.__scatterload_copy)
    __scatterload_null                       0x08002da7   Thumb Code     2  handlers.o(i.__scatterload_null)
    __scatterload_zeroinit                   0x08002da9   Thumb Code    14  handlers.o(i.__scatterload_zeroinit)
    app_lora_config_init                     0x08003239   Thumb Code    86  main_app.o(i.app_lora_config_init)
    atk_eth_send_cmd                         0x080032b9   Thumb Code   146  ether_hal.o(i.atk_eth_send_cmd)
    check_factory_parameter                  0x08003379   Thumb Code    38  main_app.o(i.check_factory_parameter)
    chuchang_check                           0x080033c5   Thumb Code   190  main.o(i.chuchang_check)
    data_decrypt                             0x08003505   Thumb Code    22  sm4_app.o(i.data_decrypt)
    data_encrypt                             0x0800351b   Thumb Code    22  sm4_app.o(i.data_encrypt)
    eth_at_open                              0x08003531   Thumb Code    58  ether_hal.o(i.eth_at_open)
    eth_init                                 0x08003571   Thumb Code   382  ether_hal.o(i.eth_init)
    eth_send_string                          0x080038bd   Thumb Code    20  ether_hal.o(i.eth_send_string)
    fputc                                    0x080038d1   Thumb Code    18  debug_usart_hal.o(i.fputc)
    lora_process                             0x080038ed   Thumb Code   328  main_app.o(i.lora_process)
    lora_send_data                           0x08003ad5   Thumb Code    38  main_app.o(i.lora_send_data)
    main                                     0x08003b09   Thumb Code   102  main.o(i.main)
    send_byte_to_eth                         0x08003b71   Thumb Code    16  ether_hal.o(i.send_byte_to_eth)
    send_string_to_eth                       0x08003b89   Thumb Code    16  ether_hal.o(i.send_string_to_eth)
    u32_ip_to_u8_ip                          0x08003ba1   Thumb Code    38  main.o(i.u32_ip_to_u8_ip)
    u8_ip_to_u32_ip                          0x08003bc9   Thumb Code    16  main.o(i.u8_ip_to_u32_ip)
    u8_ip_to_u32_ip_more                     0x08003be1   Thumb Code    22  main.o(i.u8_ip_to_u32_ip_more)
    wifi_connect_pin_pack                    0x08003bf9   Thumb Code    88  main_app.o(i.wifi_connect_pin_pack)
    wifi_process                             0x08003c55   Thumb Code  2580  main_app.o(i.wifi_process)
    AHBPrescTable                            0x080046a4   Data          16  system_stm32l0xx.o(.constdata)
    PLLMulTable                              0x080046b4   Data           9  system_stm32l0xx.o(.constdata)
    APBPrescTable                            0x080046bd   Data           8  system_stm32l0xx.o(.constdata)
    Region$$Table$$Base                      0x080046c8   Number         0  anon$$obj.o(Region$$Table)
    Region$$Table$$Limit                     0x080046e8   Number         0  anon$$obj.o(Region$$Table)
    communication_states                     0x20000000   Data           1  main_app.o(.data)
    data_wifi_pa                             0x20000001   Data           1  main_app.o(.data)
    eth_ack_flag                             0x20000002   Data           1  main_app.o(.data)
    factory_parameter_flag                   0x20000004   Data           4  main_app.o(.data)
    dev_num                                  0x20000008   Data           4  main_app.o(.data)
    xintiao_flag                             0x2000000c   Data           4  main_app.o(.data)
    Fre                                      0x20000010   Data          24  main_app.o(.data)
    product_key                              0x20000028   Data          30  main_app.o(.data)
    xintiao_count                            0x20000048   Data           4  main_app.o(.data)
    chuchang_flag                            0x2000004c   Data           4  main.o(.data)
    u32_local_eth_ip                         0x20000050   Data           4  main.o(.data)
    u32_Remote_eth_ip                        0x20000054   Data           4  main.o(.data)
    u32_Remote_eth_port                      0x20000058   Data           4  main.o(.data)
    u32_product_key                          0x2000005c   Data           8  main.o(.data)
    u32_dev_num                              0x20000064   Data           4  main.o(.data)
    system_count                             0x20000068   Data           4  stm32l0xx_it.o(.data)
    eth_ack_count                            0x2000006c   Data           4  stm32l0xx_it.o(.data)
    uwTick                                   0x20000070   Data           4  stm32l0xx_hal.o(.data)
    SystemCoreClock                          0x20000074   Data           4  system_stm32l0xx.o(.data)
    G_BandWidthKHz                           0x20000078   Data           4  sx127x_driver.o(.data)
    G_TsXms                                  0x2000007c   Data           4  sx127x_driver.o(.data)
    G_LoRaConfig                             0x20000080   Data          12  sx127x_driver.o(.data)
    local_eth_ip                             0x20000098   Data          40  ether_hal.o(.data)
    Remote_eth_ip                            0x200000c0   Data          40  ether_hal.o(.data)
    Remote_eth_port                          0x200000e8   Data          30  ether_hal.o(.data)
    __stdout                                 0x20000108   Data           4  stdout.o(.data)
    TXbuffer                                 0x2000010c   Data          50  main_app.o(.bss)
    RXbuffer                                 0x2000013e   Data          50  main_app.o(.bss)
    wifiTXbuffer                             0x20000170   Data         100  main_app.o(.bss)
    hiwdg                                    0x200001d4   Data          16  iwdg.o(.bss)
    hspi1                                    0x200001e4   Data          88  spi.o(.bss)
    huart1                                   0x2000023c   Data         128  usart.o(.bss)
    huart2                                   0x200002bc   Data         128  usart.o(.bss)
    hdma_usart2_rx                           0x2000033c   Data          72  usart.o(.bss)
    pFlash                                   0x20000384   Data          24  stm32l0xx_hal_flash.o(.bss)
    G_LoRaPara                               0x2000039c   Data          16  sx127x_driver.o(.bss)
    ether_st                                 0x200003ac   Data         158  ether_hal.o(.bss)
    __initial_sp                             0x200014d8   Data           0  startup_stm32l051xx.o(STACK)



==============================================================================

Memory Map of the image

  Image Entry point : 0x080000c1

  Load Region LR_IROM1 (Base: 0x08000000, Size: 0x000047f4, Max: 0x00010000, ABSOLUTE)

    Execution Region ER_IROM1 (Exec base: 0x08000000, Load base: 0x08000000, Size: 0x000046e8, Max: 0x00010000, ABSOLUTE)

    Exec Addr    Load Addr    Size         Type   Attr      Idx    E Section Name        Object

    0x08000000   0x08000000   0x000000c0   Data   RO            3    RESET               startup_stm32l051xx.o
    0x080000c0   0x080000c0   0x00000000   Code   RO         3440  * .ARM.Collect$$$$00000000  mc_p.l(entry.o)
    0x080000c0   0x080000c0   0x00000004   Code   RO         3728    .ARM.Collect$$$$00000001  mc_p.l(entry2.o)
    0x080000c4   0x080000c4   0x00000004   Code   RO         3731    .ARM.Collect$$$$00000004  mc_p.l(entry5.o)
    0x080000c8   0x080000c8   0x00000000   Code   RO         3733    .ARM.Collect$$$$00000008  mc_p.l(entry7b.o)
    0x080000c8   0x080000c8   0x00000000   Code   RO         3735    .ARM.Collect$$$$0000000A  mc_p.l(entry8b.o)
    0x080000c8   0x080000c8   0x00000008   Code   RO         3736    .ARM.Collect$$$$0000000B  mc_p.l(entry9a.o)
    0x080000d0   0x080000d0   0x00000004   Code   RO         3743    .ARM.Collect$$$$0000000E  mc_p.l(entry12b.o)
    0x080000d4   0x080000d4   0x00000000   Code   RO         3738    .ARM.Collect$$$$0000000F  mc_p.l(entry10a.o)
    0x080000d4   0x080000d4   0x00000000   Code   RO         3740    .ARM.Collect$$$$00000011  mc_p.l(entry11a.o)
    0x080000d4   0x080000d4   0x00000004   Code   RO         3729    .ARM.Collect$$$$00002712  mc_p.l(entry2.o)
    0x080000d8   0x080000d8   0x0000001c   Code   RO            4    .text               startup_stm32l051xx.o
    0x080000f4   0x080000f4   0x0000002c   Code   RO         3443    .text               mc_p.l(uidiv.o)
    0x08000120   0x08000120   0x00000060   Code   RO         3445    .text               mc_p.l(uldiv.o)
    0x08000180   0x08000180   0x00000024   Code   RO         3449    .text               mc_p.l(memseta.o)
    0x080001a4   0x080001a4   0x00000028   Code   RO         3451    .text               mc_p.l(strstr.o)
    0x080001cc   0x080001cc   0x0000007c   Code   RO         3718    .text               mf_p.l(fdiv.o)
    0x08000248   0x08000248   0x000000f0   Code   RO         3720    .text               mf_p.l(ddiv.o)
    0x08000338   0x08000338   0x00000016   Code   RO         3722    .text               mf_p.l(fflti.o)
    0x0800034e   0x0800034e   0x00000002   PAD
    0x08000350   0x08000350   0x0000001c   Code   RO         3724    .text               mf_p.l(dfltui.o)
    0x0800036c   0x0800036c   0x0000003c   Code   RO         3726    .text               mf_p.l(dfixui.o)
    0x080003a8   0x080003a8   0x00000020   Code   RO         3745    .text               mc_p.l(llshl.o)
    0x080003c8   0x080003c8   0x00000022   Code   RO         3747    .text               mc_p.l(llushr.o)
    0x080003ea   0x080003ea   0x00000000   Code   RO         3749    .text               mc_p.l(iusefp.o)
    0x080003ea   0x080003ea   0x00000082   Code   RO         3750    .text               mf_p.l(fepilogue.o)
    0x0800046c   0x0800046c   0x000000be   Code   RO         3752    .text               mf_p.l(depilogue.o)
    0x0800052a   0x0800052a   0x00000002   PAD
    0x0800052c   0x0800052c   0x00000024   Code   RO         3764    .text               mc_p.l(init.o)
    0x08000550   0x08000550   0x00000008   Code   RO         3007    i.DIO0_GetState     sx127x_driver.o
    0x08000558   0x08000558   0x00000010   Code   RO          451    i.DMA1_Channel4_5_6_7_IRQHandler  stm32l0xx_it.o
    0x08000568   0x08000568   0x0000002c   Code   RO         1716    i.DMA_SetConfig     stm32l0xx_hal_dma.o
    0x08000594   0x08000594   0x00000014   Code   RO         3220    i.ETH_DMA_START     ether_hal.o
    0x080005a8   0x080005a8   0x0000004c   Code   RO         3221    i.ETH_Rst           ether_hal.o
    0x080005f4   0x080005f4   0x00000040   Code   RO         3222    i.ETH_UsartReceive_IDLE  ether_hal.o
    0x08000634   0x08000634   0x00000002   Code   RO          210    i.Error_Handler     main.o
    0x08000636   0x08000636   0x00000002   PAD
    0x08000638   0x08000638   0x0000002c   Code   RO         1546    i.FLASH_PageErase   stm32l0xx_hal_flash_ex.o
    0x08000664   0x08000664   0x00000090   Code   RO         1448    i.FLASH_SetErrorCode  stm32l0xx_hal_flash.o
    0x080006f4   0x080006f4   0x00000070   Code   RO         1449    i.FLASH_WaitForLastOperation  stm32l0xx_hal_flash.o
    0x08000764   0x08000764   0x00000044   Code   RO         1717    i.HAL_DMA_Abort     stm32l0xx_hal_dma.o
    0x080007a8   0x080007a8   0x0000004c   Code   RO         1718    i.HAL_DMA_Abort_IT  stm32l0xx_hal_dma.o
    0x080007f4   0x080007f4   0x00000004   Code   RO         1720    i.HAL_DMA_GetError  stm32l0xx_hal_dma.o
    0x080007f8   0x080007f8   0x000000a8   Code   RO         1722    i.HAL_DMA_IRQHandler  stm32l0xx_hal_dma.o
    0x080008a0   0x080008a0   0x00000090   Code   RO         1723    i.HAL_DMA_Init      stm32l0xx_hal_dma.o
    0x08000930   0x08000930   0x00000068   Code   RO         1727    i.HAL_DMA_Start_IT  stm32l0xx_hal_dma.o
    0x08000998   0x08000998   0x0000001c   Code   RO          563    i.HAL_Delay         stm32l0xx_hal.o
    0x080009b4   0x080009b4   0x00000078   Code   RO         1555    i.HAL_FLASHEx_Erase  stm32l0xx_hal_flash_ex.o
    0x08000a2c   0x08000a2c   0x0000000c   Code   RO         1451    i.HAL_FLASH_GetError  stm32l0xx_hal_flash.o
    0x08000a38   0x08000a38   0x0000001c   Code   RO         1453    i.HAL_FLASH_Lock    stm32l0xx_hal_flash.o
    0x08000a54   0x08000a54   0x0000003c   Code   RO         1458    i.HAL_FLASH_Program  stm32l0xx_hal_flash.o
    0x08000a90   0x08000a90   0x0000005c   Code   RO         1460    i.HAL_FLASH_Unlock  stm32l0xx_hal_flash.o
    0x08000aec   0x08000aec   0x00000178   Code   RO         1657    i.HAL_GPIO_Init     stm32l0xx_hal_gpio.o
    0x08000c64   0x08000c64   0x0000000a   Code   RO         1659    i.HAL_GPIO_ReadPin  stm32l0xx_hal_gpio.o
    0x08000c6e   0x08000c6e   0x00000008   Code   RO         1660    i.HAL_GPIO_TogglePin  stm32l0xx_hal_gpio.o
    0x08000c76   0x08000c76   0x0000000c   Code   RO         1661    i.HAL_GPIO_WritePin  stm32l0xx_hal_gpio.o
    0x08000c82   0x08000c82   0x00000002   PAD
    0x08000c84   0x08000c84   0x0000000c   Code   RO          567    i.HAL_GetTick       stm32l0xx_hal.o
    0x08000c90   0x08000c90   0x00000064   Code   RO          528    i.HAL_IWDG_Init     stm32l0xx_hal_iwdg.o
    0x08000cf4   0x08000cf4   0x00000010   Code   RO          529    i.HAL_IWDG_Refresh  stm32l0xx_hal_iwdg.o
    0x08000d04   0x08000d04   0x00000010   Code   RO          571    i.HAL_IncTick       stm32l0xx_hal.o
    0x08000d14   0x08000d14   0x00000028   Code   RO          572    i.HAL_Init          stm32l0xx_hal.o
    0x08000d3c   0x08000d3c   0x00000030   Code   RO          573    i.HAL_InitTick      stm32l0xx_hal.o
    0x08000d6c   0x08000d6c   0x00000018   Code   RO          508    i.HAL_MspInit       stm32l0xx_hal_msp.o
    0x08000d84   0x08000d84   0x00000014   Code   RO         1984    i.HAL_NVIC_EnableIRQ  stm32l0xx_hal_cortex.o
    0x08000d98   0x08000d98   0x00000008   Code   RO         1988    i.HAL_NVIC_SetPriority  stm32l0xx_hal_cortex.o
    0x08000da0   0x08000da0   0x0000001c   Code   RO         1989    i.HAL_NVIC_SystemReset  stm32l0xx_hal_cortex.o
    0x08000dbc   0x08000dbc   0x00000164   Code   RO         1344    i.HAL_RCCEx_PeriphCLKConfig  stm32l0xx_hal_rcc_ex.o
    0x08000f20   0x08000f20   0x00000002   Code   RO         1245    i.HAL_RCC_CSSCallback  stm32l0xx_hal_rcc.o
    0x08000f22   0x08000f22   0x00000002   PAD
    0x08000f24   0x08000f24   0x0000016c   Code   RO         1246    i.HAL_RCC_ClockConfig  stm32l0xx_hal_rcc.o
    0x08001090   0x08001090   0x00000014   Code   RO         1248    i.HAL_RCC_EnableCSS  stm32l0xx_hal_rcc.o
    0x080010a4   0x080010a4   0x00000020   Code   RO         1252    i.HAL_RCC_GetPCLK1Freq  stm32l0xx_hal_rcc.o
    0x080010c4   0x080010c4   0x00000020   Code   RO         1253    i.HAL_RCC_GetPCLK2Freq  stm32l0xx_hal_rcc.o
    0x080010e4   0x080010e4   0x00000078   Code   RO         1254    i.HAL_RCC_GetSysClockFreq  stm32l0xx_hal_rcc.o
    0x0800115c   0x0800115c   0x00000018   Code   RO         1256    i.HAL_RCC_NMI_IRQHandler  stm32l0xx_hal_rcc.o
    0x08001174   0x08001174   0x0000041c   Code   RO         1257    i.HAL_RCC_OscConfig  stm32l0xx_hal_rcc.o
    0x08001590   0x08001590   0x00000080   Code   RO         2102    i.HAL_SPI_Init      stm32l0xx_hal_spi.o
    0x08001610   0x08001610   0x00000058   Code   RO          370    i.HAL_SPI_MspInit   spi.o
    0x08001668   0x08001668   0x000001f0   Code   RO         2111    i.HAL_SPI_TransmitReceive  stm32l0xx_hal_spi.o
    0x08001858   0x08001858   0x00000030   Code   RO         1992    i.HAL_SYSTICK_Config  stm32l0xx_hal_cortex.o
    0x08001888   0x08001888   0x00000002   Code   RO         2796    i.HAL_UARTEx_WakeupCallback  stm32l0xx_hal_uart_ex.o
    0x0800188a   0x0800188a   0x0000007a   Code   RO         2457    i.HAL_UART_DMAStop  stm32l0xx_hal_uart.o
    0x08001904   0x08001904   0x00000002   Code   RO         2459    i.HAL_UART_ErrorCallback  stm32l0xx_hal_uart.o
    0x08001906   0x08001906   0x00000002   PAD
    0x08001908   0x08001908   0x0000013c   Code   RO         2462    i.HAL_UART_IRQHandler  stm32l0xx_hal_uart.o
    0x08001a44   0x08001a44   0x0000006a   Code   RO         2463    i.HAL_UART_Init     stm32l0xx_hal_uart.o
    0x08001aae   0x08001aae   0x00000002   PAD
    0x08001ab0   0x08001ab0   0x000000fc   Code   RO          408    i.HAL_UART_MspInit  usart.o
    0x08001bac   0x08001bac   0x000000b8   Code   RO         2467    i.HAL_UART_Receive_DMA  stm32l0xx_hal_uart.o
    0x08001c64   0x08001c64   0x00000002   Code   RO         2469    i.HAL_UART_RxCpltCallback  stm32l0xx_hal_uart.o
    0x08001c66   0x08001c66   0x00000002   Code   RO         2470    i.HAL_UART_RxHalfCpltCallback  stm32l0xx_hal_uart.o
    0x08001c68   0x08001c68   0x000000ce   Code   RO         2471    i.HAL_UART_Transmit  stm32l0xx_hal_uart.o
    0x08001d36   0x08001d36   0x00000002   Code   RO         2474    i.HAL_UART_TxCpltCallback  stm32l0xx_hal_uart.o
    0x08001d38   0x08001d38   0x00000002   Code   RO          452    i.HardFault_Handler  stm32l0xx_it.o
    0x08001d3a   0x08001d3a   0x00000002   PAD
    0x08001d3c   0x08001d3c   0x000000e0   Code   RO         3015    i.LoRaConfig_Check  sx127x_driver.o
    0x08001e1c   0x08001e1c   0x00000018   Code   RO          323    i.MX_DMA_Init       dma.o
    0x08001e34   0x08001e34   0x000000ac   Code   RO          303    i.MX_GPIO_Init      gpio.o
    0x08001ee0   0x08001ee0   0x0000002c   Code   RO          343    i.MX_IWDG_Init      iwdg.o
    0x08001f0c   0x08001f0c   0x00000044   Code   RO          371    i.MX_SPI1_Init      spi.o
    0x08001f50   0x08001f50   0x00000038   Code   RO          409    i.MX_USART1_UART_Init  usart.o
    0x08001f88   0x08001f88   0x00000038   Code   RO          410    i.MX_USART2_UART_Init  usart.o
    0x08001fc0   0x08001fc0   0x00000008   Code   RO          453    i.NMI_Handler       stm32l0xx_it.o
    0x08001fc8   0x08001fc8   0x00000044   Code   RO         1994    i.NVIC_SetPriority  stm32l0xx_hal_cortex.o
    0x0800200c   0x0800200c   0x00000002   Code   RO          454    i.PendSV_Handler    stm32l0xx_it.o
    0x0800200e   0x0800200e   0x00000042   Code   RO         2140    i.SPI_EndRxTxTransaction  stm32l0xx_hal_spi.o
    0x08002050   0x08002050   0x0000008c   Code   RO         2145    i.SPI_WaitFlagStateUntilTimeout  stm32l0xx_hal_spi.o
    0x080020dc   0x080020dc   0x00000016   Code   RO         3389    i.STMFLASH_Read     stm_flash.o
    0x080020f2   0x080020f2   0x00000002   PAD
    0x080020f4   0x080020f4   0x00000194   Code   RO         3392    i.STMFLASH_Write    stm_flash.o
    0x08002288   0x08002288   0x00000024   Code   RO         3393    i.STMFLASH_Write_NoCheck  stm_flash.o
    0x080022ac   0x080022ac   0x00000002   Code   RO          455    i.SVC_Handler       stm32l0xx_it.o
    0x080022ae   0x080022ae   0x0000001e   Code   RO         3016    i.SX127XWriteRxTx   sx127x_driver.o
    0x080022cc   0x080022cc   0x00000010   Code   RO         2909    i.SX127X_DIO0_GetState  sx127x_hal.o
    0x080022dc   0x080022dc   0x000000a0   Code   RO         3021    i.SX127X_FreqSet    sx127x_driver.o
    0x0800237c   0x0800237c   0x00000100   Code   RO         3023    i.SX127X_Lora_init  sx127x_driver.o
    0x0800247c   0x0800247c   0x00000010   Code   RO         2915    i.SX127X_NSS_OUTPUT  sx127x_hal.o
    0x0800248c   0x0800248c   0x0000005c   Code   RO         3024    i.SX127X_PoutSet    sx127x_driver.o
    0x080024e8   0x080024e8   0x00000002   Code   RO         2917    i.SX127X_RXE_OUTPUT  sx127x_hal.o
    0x080024ea   0x080024ea   0x0000000a   Code   RO         3025    i.SX127X_Read       sx127x_driver.o
    0x080024f4   0x080024f4   0x00000032   Code   RO         2918    i.SX127X_ReadBuffer  sx127x_hal.o
    0x08002526   0x08002526   0x0000000e   Code   RO         3026    i.SX127X_ReadFifo   sx127x_driver.o
    0x08002534   0x08002534   0x00000020   Code   RO         2919    i.SX127X_ReadWriteByte  sx127x_hal.o
    0x08002554   0x08002554   0x0000002c   Code   RO         3027    i.SX127X_Reset      sx127x_driver.o
    0x08002580   0x08002580   0x00000088   Code   RO         3028    i.SX127X_RxPacket   sx127x_driver.o
    0x08002608   0x08002608   0x0000000c   Code   RO         3030    i.SX127X_StandbyMode  sx127x_driver.o
    0x08002614   0x08002614   0x00000054   Code   RO         3031    i.SX127X_StartRx    sx127x_driver.o
    0x08002668   0x08002668   0x00000002   Code   RO         2920    i.SX127X_TXE_OUTPUT  sx127x_hal.o
    0x0800266a   0x0800266a   0x00000002   PAD
    0x0800266c   0x0800266c   0x00000064   Code   RO         3032    i.SX127X_TxPacket   sx127x_driver.o
    0x080026d0   0x080026d0   0x0000000c   Code   RO         3036    i.SX127X_Write      sx127x_driver.o
    0x080026dc   0x080026dc   0x00000032   Code   RO         2921    i.SX127X_WriteBuffer  sx127x_hal.o
    0x0800270e   0x0800270e   0x00000002   PAD
    0x08002710   0x08002710   0x00000084   Code   RO          456    i.SysTick_Handler   stm32l0xx_it.o
    0x08002794   0x08002794   0x00000080   Code   RO          211    i.SystemClock_Config  main.o
    0x08002814   0x08002814   0x00000054   Code   RO         2852    i.SystemInit        system_stm32l0xx.o
    0x08002868   0x08002868   0x000000ca   Code   RO         2476    i.UART_AdvFeatureConfig  stm32l0xx_hal_uart.o
    0x08002932   0x08002932   0x00000002   PAD
    0x08002934   0x08002934   0x00000060   Code   RO         2477    i.UART_CheckIdleState  stm32l0xx_hal_uart.o
    0x08002994   0x08002994   0x00000014   Code   RO         2478    i.UART_DMAAbortOnError  stm32l0xx_hal_uart.o
    0x080029a8   0x080029a8   0x00000048   Code   RO         2479    i.UART_DMAError     stm32l0xx_hal_uart.o
    0x080029f0   0x080029f0   0x0000003e   Code   RO         2480    i.UART_DMAReceiveCplt  stm32l0xx_hal_uart.o
    0x08002a2e   0x08002a2e   0x0000000a   Code   RO         2482    i.UART_DMARxHalfCplt  stm32l0xx_hal_uart.o
    0x08002a38   0x08002a38   0x00000020   Code   RO         2488    i.UART_EndRxTransfer  stm32l0xx_hal_uart.o
    0x08002a58   0x08002a58   0x00000010   Code   RO         2489    i.UART_EndTxTransfer  stm32l0xx_hal_uart.o
    0x08002a68   0x08002a68   0x00000228   Code   RO         2492    i.UART_SetConfig    stm32l0xx_hal_uart.o
    0x08002c90   0x08002c90   0x00000062   Code   RO         2495    i.UART_WaitOnFlagUntilTimeout  stm32l0xx_hal_uart.o
    0x08002cf2   0x08002cf2   0x00000002   PAD
    0x08002cf4   0x08002cf4   0x00000014   Code   RO         3223    i.USART2_IRQHandler  ether_hal.o
    0x08002d08   0x08002d08   0x00000020   Code   RO         3664    i.__0printf$8       mc_p.l(printf8.o)
    0x08002d28   0x08002d28   0x00000028   Code   RO         3666    i.__0sprintf$8      mc_p.l(printf8.o)
    0x08002d50   0x08002d50   0x0000002e   Code   RO         3754    i.__ARM_clz         mf_p.l(depilogue.o)
    0x08002d7e   0x08002d7e   0x0000001a   Code   RO           77    i.__ARM_common_switch8  main_app.o
    0x08002d98   0x08002d98   0x0000000e   Code   RO         3770    i.__scatterload_copy  mc_p.l(handlers.o)
    0x08002da6   0x08002da6   0x00000002   Code   RO         3771    i.__scatterload_null  mc_p.l(handlers.o)
    0x08002da8   0x08002da8   0x0000000e   Code   RO         3772    i.__scatterload_zeroinit  mc_p.l(handlers.o)
    0x08002db6   0x08002db6   0x00000002   PAD
    0x08002db8   0x08002db8   0x00000428   Code   RO         3671    i._printf_core      mc_p.l(printf8.o)
    0x080031e0   0x080031e0   0x00000020   Code   RO         3672    i._printf_post_padding  mc_p.l(printf8.o)
    0x08003200   0x08003200   0x0000002c   Code   RO         3673    i._printf_pre_padding  mc_p.l(printf8.o)
    0x0800322c   0x0800322c   0x0000000a   Code   RO         3675    i._sputc            mc_p.l(printf8.o)
    0x08003236   0x08003236   0x00000002   PAD
    0x08003238   0x08003238   0x00000080   Code   RO           12    i.app_lora_config_init  main_app.o
    0x080032b8   0x080032b8   0x000000c0   Code   RO         3224    i.atk_eth_send_cmd  ether_hal.o
    0x08003378   0x08003378   0x0000004c   Code   RO           13    i.check_factory_parameter  main_app.o
    0x080033c4   0x080033c4   0x00000140   Code   RO          212    i.chuchang_check    main.o
    0x08003504   0x08003504   0x00000016   Code   RO         3295    i.data_decrypt      sm4_app.o
    0x0800351a   0x0800351a   0x00000016   Code   RO         3296    i.data_encrypt      sm4_app.o
    0x08003530   0x08003530   0x00000040   Code   RO         3225    i.eth_at_open       ether_hal.o
    0x08003570   0x08003570   0x0000034c   Code   RO         3226    i.eth_init          ether_hal.o
    0x080038bc   0x080038bc   0x00000014   Code   RO         3227    i.eth_send_string   ether_hal.o
    0x080038d0   0x080038d0   0x0000001c   Code   RO         2885    i.fputc             debug_usart_hal.o
    0x080038ec   0x080038ec   0x000001e8   Code   RO           14    i.lora_process      main_app.o
    0x08003ad4   0x08003ad4   0x00000034   Code   RO           15    i.lora_send_data    main_app.o
    0x08003b08   0x08003b08   0x00000066   Code   RO          214    i.main              main.o
    0x08003b6e   0x08003b6e   0x00000002   PAD
    0x08003b70   0x08003b70   0x00000018   Code   RO         3228    i.send_byte_to_eth  ether_hal.o
    0x08003b88   0x08003b88   0x00000018   Code   RO         3229    i.send_string_to_eth  ether_hal.o
    0x08003ba0   0x08003ba0   0x00000026   Code   RO          215    i.u32_ip_to_u8_ip   main.o
    0x08003bc6   0x08003bc6   0x00000002   PAD
    0x08003bc8   0x08003bc8   0x00000018   Code   RO          216    i.u8_ip_to_u32_ip   main.o
    0x08003be0   0x08003be0   0x00000016   Code   RO          217    i.u8_ip_to_u32_ip_more  main.o
    0x08003bf6   0x08003bf6   0x00000002   PAD
    0x08003bf8   0x08003bf8   0x0000005c   Code   RO           18    i.wifi_connect_pin_pack  main_app.o
    0x08003c54   0x08003c54   0x00000a50   Code   RO           19    i.wifi_process      main_app.o
    0x080046a4   0x080046a4   0x00000019   Data   RO         2853    .constdata          system_stm32l0xx.o
    0x080046bd   0x080046bd   0x00000008   Data   RO         2854    .constdata          system_stm32l0xx.o
    0x080046c5   0x080046c5   0x00000003   PAD
    0x080046c8   0x080046c8   0x00000020   Data   RO         3768    Region$$Table       anon$$obj.o


    Execution Region RW_IRAM1 (Exec base: 0x20000000, Load base: 0x080046e8, Size: 0x000014d8, Max: 0x00002000, ABSOLUTE)

    Exec Addr    Load Addr    Size         Type   Attr      Idx    E Section Name        Object

    0x20000000   0x080046e8   0x00000046   Data   RW           21    .data               main_app.o
    0x20000046   0x0800472e   0x00000002   PAD
    0x20000048   0x08004730   0x00000004   Data   RW           27    .data               main_app.o
    0x2000004c   0x08004734   0x00000018   Data   RW          219    .data               main.o
    0x20000064   0x0800474c   0x00000004   Data   RW          225    .data               main.o
    0x20000068   0x08004750   0x00000008   Data   RW          457    .data               stm32l0xx_it.o
    0x20000070   0x08004758   0x00000004   Data   RW          582    .data               stm32l0xx_hal.o
    0x20000074   0x0800475c   0x00000004   Data   RW         2855    .data               system_stm32l0xx.o
    0x20000078   0x08004760   0x00000014   Data   RW         3041    .data               sx127x_driver.o
    0x2000008c   0x08004774   0x0000007a   Data   RW         3231    .data               ether_hal.o
    0x20000106   0x080047ee   0x00000002   PAD
    0x20000108   0x080047f0   0x00000004   Data   RW         3744    .data               mc_p.l(stdout.o)
    0x2000010c        -       0x000000c8   Zero   RW           20    .bss                main_app.o
    0x200001d4        -       0x00000010   Zero   RW          344    .bss                iwdg.o
    0x200001e4        -       0x00000058   Zero   RW          372    .bss                spi.o
    0x2000023c        -       0x00000148   Zero   RW          411    .bss                usart.o
    0x20000384        -       0x00000018   Zero   RW         1461    .bss                stm32l0xx_hal_flash.o
    0x2000039c        -       0x00000010   Zero   RW         3039    .bss                sx127x_driver.o
    0x200003ac        -       0x0000009e   Zero   RW         3230    .bss                ether_hal.o
    0x2000044a   0x080047f4   0x00000002   PAD
    0x2000044c        -       0x0000008c   Zero   RW         3394    .bss                stm_flash.o
    0x200004d8        -       0x00001000   Zero   RW            1    STACK               startup_stm32l051xx.o


==============================================================================

Image component sizes


      Code (inc. data)   RO Data    RW Data    ZI Data      Debug   Object Name

        28         10          0          0          0        472   debug_usart_hal.o
        24          4          0          0          0        702   dma.o
      1348        570          0        122        158       6448   ether_hal.o
       172         18          0          0          0        907   gpio.o
        44         12          0          0         16        647   iwdg.o
       636        144          0         28          0       5414   main.o
      3502        734          0         74        200     316478   main_app.o
        44          0          0          0          0       1656   sm4_app.o
       156         20          0          0         88       1549   spi.o
        28          8        192          0       4096        628   startup_stm32l051xx.o
       144         20          0          4          0       3739   stm32l0xx_hal.o
       172         34          0          0          0      11208   stm32l0xx_hal_cortex.o
       608         12          0          0          0       5497   stm32l0xx_hal_dma.o
       448         60          0          0         24       5887   stm32l0xx_hal_flash.o
       164         24          0          0          0       2625   stm32l0xx_hal_flash_ex.o
       406         30          0          0          0       3548   stm32l0xx_hal_gpio.o
       116         20          0          0          0       1703   stm32l0xx_hal_iwdg.o
        24          4          0          0          0        426   stm32l0xx_hal_msp.o
      1646        100          0          0          0       7011   stm32l0xx_hal_rcc.o
       356         14          0          0          0       1444   stm32l0xx_hal_rcc_ex.o
       830          0          0          0          0       4737   stm32l0xx_hal_spi.o
      2102         96          0          0          0      14728   stm32l0xx_hal_uart.o
         2          0          0          0          0        980   stm32l0xx_hal_uart_ex.o
       162         38          0          8          0       2965   stm32l0xx_it.o
       462        140          0          0        140       3258   stm_flash.o
      1182        118          0         20         16      24964   sx127x_driver.o
       168          8          0          0          0       4131   sx127x_hal.o
        84         18         33          4          0       1199   system_stm32l0xx.o
       364         38          0          0        328       2286   usart.o

    ----------------------------------------------------------------------
     15450       2294        260        264       5068     437237   Object Totals
         0          0         32          0          0          0   (incl. Generated)
        28          0          3          4          2          0   (incl. Padding)

    ----------------------------------------------------------------------

      Code (inc. data)   RO Data    RW Data    ZI Data      Debug   Library Member Name

         0          0          0          0          0          0   entry.o
         0          0          0          0          0          0   entry10a.o
         0          0          0          0          0          0   entry11a.o
         4          0          0          0          0          0   entry12b.o
         8          4          0          0          0          0   entry2.o
         4          0          0          0          0          0   entry5.o
         0          0          0          0          0          0   entry7b.o
         0          0          0          0          0          0   entry8b.o
         8          4          0          0          0          0   entry9a.o
        30          0          0          0          0          0   handlers.o
        36          8          0          0          0         68   init.o
         0          0          0          0          0          0   iusefp.o
        32          0          0          0          0         68   llshl.o
        34          0          0          0          0         68   llushr.o
        36          0          0          0          0        100   memseta.o
      1222         56          0          0          0        468   printf8.o
         0          0          0          4          0          0   stdout.o
        40          0          0          0          0         72   strstr.o
        44          0          0          0          0         72   uidiv.o
        96          0          0          0          0         84   uldiv.o
       240          6          0          0          0         84   ddiv.o
       236          0          0          0          0        216   depilogue.o
        60         10          0          0          0         68   dfixui.o
        28          4          0          0          0         68   dfltui.o
       124          0          0          0          0         72   fdiv.o
       130          0          0          0          0        144   fepilogue.o
        22          0          0          0          0         68   fflti.o

    ----------------------------------------------------------------------
      2442         92          0          4          0       1720   Library Totals
         8          0          0          0          0          0   (incl. Padding)

    ----------------------------------------------------------------------

      Code (inc. data)   RO Data    RW Data    ZI Data      Debug   Library Name

      1594         72          0          4          0       1000   mc_p.l
       840         20          0          0          0        720   mf_p.l

    ----------------------------------------------------------------------
      2442         92          0          4          0       1720   Library Totals

    ----------------------------------------------------------------------

==============================================================================


      Code (inc. data)   RO Data    RW Data    ZI Data      Debug   

     17892       2386        260        268       5068     432641   Grand Totals
     17892       2386        260        268       5068     432641   ELF Image Totals
     17892       2386        260        268          0          0   ROM Totals

==============================================================================

    Total RO  Size (Code + RO Data)                18152 (  17.73kB)
    Total RW  Size (RW Data + ZI Data)              5336 (   5.21kB)
    Total ROM Size (Code + RO Data + RW Data)      18420 (  17.99kB)

==============================================================================

